[0.027s] Invoking command in '/home/janeikeliu/projects/rosmasterA1/build/rosmaster_a1': CMAKE_PREFIX_PATH=${CMAKE_PREFIX_PATH}:/home/janeikeliu/projects/sparky/install/path_planner:/home/janeikeliu/projects/sparky/install/vehicle_description:/home/janeikeliu/projects/sparky/install/metrics_logger:/home/janeikeliu/projects/sparky/install/controller:/opt/ros/jazzy VIRTUAL_ENV_PROMPT=(venv) /usr/bin/cmake /home/janeikeliu/projects/rosmasterA1 -DCMAKE_INSTALL_PREFIX=/home/janeikeliu/projects/rosmasterA1/install/rosmaster_a1
[0.342s] -- The C compiler identification is GNU 13.3.0
[1.325s] -- The CXX compiler identification is GNU 13.3.0
[2.035s] -- Detecting C compiler ABI info
[2.398s] -- Detecting C compiler ABI info - done
[2.410s] -- Check for working C compiler: /usr/bin/cc - skipped
[2.413s] -- Detecting C compile features
[2.414s] -- Detecting C compile features - done
[2.532s] -- Detecting CXX compiler ABI info
[2.825s] -- Detecting CXX compiler ABI info - done
[2.835s] -- Check for working CXX compiler: /usr/bin/c++ - skipped
[2.836s] -- Detecting CXX compile features
[2.838s] -- Detecting CXX compile features - done
[2.888s] -- Found ament_cmake: 2.5.6 (/opt/ros/jazzy/share/ament_cmake/cmake)
[3.051s] -- Found Python3: /home/janeikeliu/projects/sparky/venv/bin/python3 (found version "3.12.3") found components: Interpreter 
[3.226s] -- Found diagnostic_msgs: 5.3.7 (/opt/ros/jazzy/share/diagnostic_msgs/cmake)
[3.560s] -- Found rosidl_generator_c: 4.6.7 (/opt/ros/jazzy/share/rosidl_generator_c/cmake)
[3.583s] -- Found rosidl_generator_cpp: 4.6.7 (/opt/ros/jazzy/share/rosidl_generator_cpp/cmake)
[3.621s] -- Using all available rosidl_typesupport_c: rosidl_typesupport_fastrtps_c;rosidl_typesupport_introspection_c
[3.659s] -- Using all available rosidl_typesupport_cpp: rosidl_typesupport_fastrtps_cpp;rosidl_typesupport_introspection_cpp
[3.788s] -- Found geometry_msgs: 5.3.7 (/opt/ros/jazzy/share/geometry_msgs/cmake)
[3.825s] -- Found nav_msgs: 5.3.7 (/opt/ros/jazzy/share/nav_msgs/cmake)
[3.869s] -- Found rclcpp: 28.1.18 (/opt/ros/jazzy/share/rclcpp/cmake)
[3.966s] -- Found rmw_implementation_cmake: 7.3.3 (/opt/ros/jazzy/share/rmw_implementation_cmake/cmake)
[3.972s] -- Found rmw_fastrtps_cpp: 8.4.3 (/opt/ros/jazzy/share/rmw_fastrtps_cpp/cmake)
[4.088s] -- Found OpenSSL: /usr/lib/x86_64-linux-gnu/libcrypto.so (found version "3.0.13")  
[4.326s] -- Found FastRTPS: /opt/ros/jazzy/include (Required is at least version "2.13") 
[4.473s] -- Using RMW implementation 'rmw_fastrtps_cpp' as default
[4.964s] -- Configuring done (4.9s)
[4.980s] -- Generating done (0.0s)
[4.985s] -- Build files have been written to: /home/janeikeliu/projects/rosmasterA1/build/rosmaster_a1
[5.000s] Invoked command in '/home/janeikeliu/projects/rosmasterA1/build/rosmaster_a1' returned '0': CMAKE_PREFIX_PATH=${CMAKE_PREFIX_PATH}:/home/janeikeliu/projects/sparky/install/path_planner:/home/janeikeliu/projects/sparky/install/vehicle_description:/home/janeikeliu/projects/sparky/install/metrics_logger:/home/janeikeliu/projects/sparky/install/controller:/opt/ros/jazzy VIRTUAL_ENV_PROMPT=(venv) /usr/bin/cmake /home/janeikeliu/projects/rosmasterA1 -DCMAKE_INSTALL_PREFIX=/home/janeikeliu/projects/rosmasterA1/install/rosmaster_a1
[5.001s] Invoking command in '/home/janeikeliu/projects/rosmasterA1/build/rosmaster_a1': CMAKE_PREFIX_PATH=${CMAKE_PREFIX_PATH}:/home/janeikeliu/projects/sparky/install/path_planner:/home/janeikeliu/projects/sparky/install/vehicle_description:/home/janeikeliu/projects/sparky/install/metrics_logger:/home/janeikeliu/projects/sparky/install/controller:/opt/ros/jazzy VIRTUAL_ENV_PROMPT=(venv) /usr/bin/cmake --build /home/janeikeliu/projects/rosmasterA1/build/rosmaster_a1 -- -j22 -l22
[5.049s] [ 50%] [32mBuilding CXX object CMakeFiles/path_planner_node.dir/src/path_planner_node.cpp.o[0m
[7.920s] [01m[K/home/janeikeliu/projects/rosmasterA1/src/path_planner_node.cpp:[m[K In member function ‘[01m[Kvoid rosmaster_a1::PathPlannerNode::[01;32m[Kpublish_metrics[m[K(const rclcpp::Time&)[m[K’:
[7.920s] [01m[K/home/janeikeliu/projects/rosmasterA1/src/path_planner_node.cpp:93:59:[m[K [01;31m[Kerror: [m[Kno matching function for call to ‘[01m[Kdiagnostic_msgs::msg::KeyValue_<std::allocator<void> >::KeyValue_(<brace-enclosed initializer list>)[m[K’
[7.920s]    93 |       diagnostic_msgs::msg::KeyValue{"frame_id", frame_id_[01;31m[K}[m[K,
[7.921s]       |                                                           [01;31m[K^[m[K
[7.922s] In file included from [01m[K/opt/ros/jazzy/include/diagnostic_msgs/diagnostic_msgs/msg/detail/diagnostic_status__struct.hpp:24[m[K,
[7.922s]                  from [01m[K/opt/ros/jazzy/include/diagnostic_msgs/diagnostic_msgs/msg/detail/diagnostic_array__struct.hpp:26[m[K,
[7.922s]                  from [01m[K/opt/ros/jazzy/include/diagnostic_msgs/diagnostic_msgs/msg/diagnostic_array.hpp:7[m[K,
[7.922s]                  from [01m[K/home/janeikeliu/projects/rosmasterA1/src/path_planner_node.cpp:8[m[K:
[7.922s] [01m[K/opt/ros/jazzy/include/diagnostic_msgs/diagnostic_msgs/msg/detail/key_value__struct.hpp:50:12:[m[K [01;36m[Knote: [m[Kcandidate: ‘[01m[Kdiagnostic_msgs::msg::KeyValue_<ContainerAllocator>::[01;32m[KKeyValue_[m[K(const ContainerAllocator&, rosidl_runtime_cpp::MessageInitialization) [35m[K[with ContainerAllocator = std::allocator<void>][m[K[m[K’
[7.922s]    50 |   explicit [01;36m[KKeyValue_[m[K(const ContainerAllocator & _alloc, rosidl_runtime_cpp::MessageInitialization _init = rosidl_runtime_cpp::MessageInitialization::ALL)
[7.922s]       |            [01;36m[K^~~~~~~~~[m[K
[7.922s] [01m[K/opt/ros/jazzy/include/diagnostic_msgs/diagnostic_msgs/msg/detail/key_value__struct.hpp:50:49:[m[K [01;36m[Knote: [m[K  no known conversion for argument 1 from ‘[01m[Kconst char [9][m[K’ to ‘[01m[Kconst std::allocator<void>&[m[K’
[7.923s]    50 |   explicit KeyValue_([01;36m[Kconst ContainerAllocator & _alloc[m[K, rosidl_runtime_cpp::MessageInitialization _init = rosidl_runtime_cpp::MessageInitialization::ALL)
[7.923s]       |                      [01;36m[K~~~~~~~~~~~~~~~~~~~~~~~~~~~^~~~~~[m[K
[7.923s] [01m[K/opt/ros/jazzy/include/diagnostic_msgs/diagnostic_msgs/msg/detail/key_value__struct.hpp:40:12:[m[K [01;36m[Knote: [m[Kcandidate: ‘[01m[Kdiagnostic_msgs::msg::KeyValue_<ContainerAllocator>::[01;32m[KKeyValue_[m[K(rosidl_runtime_cpp::MessageInitialization) [35m[K[with ContainerAllocator = std::allocator<void>][m[K[m[K’
[7.923s]    40 |   explicit [01;36m[KKeyValue_[m[K(rosidl_runtime_cpp::MessageInitialization _init = rosidl_runtime_cpp::MessageInitialization::ALL)
[7.923s]       |            [01;36m[K^~~~~~~~~[m[K
[7.923s] [01m[K/opt/ros/jazzy/include/diagnostic_msgs/diagnostic_msgs/msg/detail/key_value__struct.hpp:40:12:[m[K [01;36m[Knote: [m[K  candidate expects 1 argument, 2 provided
[7.924s] [01m[K/opt/ros/jazzy/include/diagnostic_msgs/diagnostic_msgs/msg/detail/key_value__struct.hpp:36:8:[m[K [01;36m[Knote: [m[Kcandidate: ‘[01m[Kdiagnostic_msgs::msg::KeyValue_<std::allocator<void> >::[01;32m[KKeyValue_[m[K(const diagnostic_msgs::msg::KeyValue_<std::allocator<void> >&)[m[K’
[7.924s]    36 | struct [01;36m[KKeyValue_[m[K
[7.924s]       |        [01;36m[K^~~~~~~~~[m[K
[7.924s] [01m[K/opt/ros/jazzy/include/diagnostic_msgs/diagnostic_msgs/msg/detail/key_value__struct.hpp:36:8:[m[K [01;36m[Knote: [m[K  candidate expects 1 argument, 2 provided
[7.924s] [01m[K/opt/ros/jazzy/include/diagnostic_msgs/diagnostic_msgs/msg/detail/key_value__struct.hpp:36:8:[m[K [01;36m[Knote: [m[Kcandidate: ‘[01m[Kdiagnostic_msgs::msg::KeyValue_<std::allocator<void> >::[01;32m[KKeyValue_[m[K(diagnostic_msgs::msg::KeyValue_<std::allocator<void> >&&)[m[K’
[7.925s] [01m[K/opt/ros/jazzy/include/diagnostic_msgs/diagnostic_msgs/msg/detail/key_value__struct.hpp:36:8:[m[K [01;36m[Knote: [m[K  candidate expects 1 argument, 2 provided
[7.925s] [01m[K/home/janeikeliu/projects/rosmasterA1/src/path_planner_node.cpp:94:89:[m[K [01;31m[Kerror: [m[Kno matching function for call to ‘[01m[Kdiagnostic_msgs::msg::KeyValue_<std::allocator<void> >::KeyValue_(<brace-enclosed initializer list>)[m[K’
[7.925s]    94 | gs::msg::KeyValue{"waypoint_count", std::to_string(waypoints_.size())[01;31m[K}[m[K,
[7.925s]       |                                                                      [01;31m[K^[m[K
[7.926s] 
[7.926s] [01m[K/opt/ros/jazzy/include/diagnostic_msgs/diagnostic_msgs/msg/detail/key_value__struct.hpp:50:12:[m[K [01;36m[Knote: [m[Kcandidate: ‘[01m[Kdiagnostic_msgs::msg::KeyValue_<ContainerAllocator>::[01;32m[KKeyValue_[m[K(const ContainerAllocator&, rosidl_runtime_cpp::MessageInitialization) [35m[K[with ContainerAllocator = std::allocator<void>][m[K[m[K’
[7.926s]    50 |   explicit [01;36m[KKeyValue_[m[K(const ContainerAllocator & _alloc, rosidl_runtime_cpp::MessageInitialization _init = rosidl_runtime_cpp::MessageInitialization::ALL)
[7.926s]       |            [01;36m[K^~~~~~~~~[m[K
[7.926s] [01m[K/opt/ros/jazzy/include/diagnostic_msgs/diagnostic_msgs/msg/detail/key_value__struct.hpp:50:49:[m[K [01;36m[Knote: [m[K  no known conversion for argument 1 from ‘[01m[Kconst char [15][m[K’ to ‘[01m[Kconst std::allocator<void>&[m[K’
[7.926s]    50 |   explicit KeyValue_([01;36m[Kconst ContainerAllocator & _alloc[m[K, rosidl_runtime_cpp::MessageInitialization _init = rosidl_runtime_cpp::MessageInitialization::ALL)
[7.926s]       |                      [01;36m[K~~~~~~~~~~~~~~~~~~~~~~~~~~~^~~~~~[m[K
[7.926s] [01m[K/opt/ros/jazzy/include/diagnostic_msgs/diagnostic_msgs/msg/detail/key_value__struct.hpp:40:12:[m[K [01;36m[Knote: [m[Kcandidate: ‘[01m[Kdiagnostic_msgs::msg::KeyValue_<ContainerAllocator>::[01;32m[KKeyValue_[m[K(rosidl_runtime_cpp::MessageInitialization) [35m[K[with ContainerAllocator = std::allocator<void>][m[K[m[K’
[7.926s]    40 |   explicit [01;36m[KKeyValue_[m[K(rosidl_runtime_cpp::MessageInitialization _init = rosidl_runtime_cpp::MessageInitialization::ALL)
[7.926s]       |            [01;36m[K^~~~~~~~~[m[K
[7.927s] [01m[K/opt/ros/jazzy/include/diagnostic_msgs/diagnostic_msgs/msg/detail/key_value__struct.hpp:40:12:[m[K [01;36m[Knote: [m[K  candidate expects 1 argument, 2 provided
[7.927s] [01m[K/opt/ros/jazzy/include/diagnostic_msgs/diagnostic_msgs/msg/detail/key_value__struct.hpp:36:8:[m[K [01;36m[Knote: [m[Kcandidate: ‘[01m[Kdiagnostic_msgs::msg::KeyValue_<std::allocator<void> >::[01;32m[KKeyValue_[m[K(const diagnostic_msgs::msg::KeyValue_<std::allocator<void> >&)[m[K’
[7.927s]    36 | struct [01;36m[KKeyValue_[m[K
[7.927s]       |        [01;36m[K^~~~~~~~~[m[K
[7.927s] [01m[K/opt/ros/jazzy/include/diagnostic_msgs/diagnostic_msgs/msg/detail/key_value__struct.hpp:36:8:[m[K [01;36m[Knote: [m[K  candidate expects 1 argument, 2 provided
[7.927s] [01m[K/opt/ros/jazzy/include/diagnostic_msgs/diagnostic_msgs/msg/detail/key_value__struct.hpp:36:8:[m[K [01;36m[Knote: [m[Kcandidate: ‘[01m[Kdiagnostic_msgs::msg::KeyValue_<std::allocator<void> >::[01;32m[KKeyValue_[m[K(diagnostic_msgs::msg::KeyValue_<std::allocator<void> >&&)[m[K’
[7.927s] [01m[K/opt/ros/jazzy/include/diagnostic_msgs/diagnostic_msgs/msg/detail/key_value__struct.hpp:36:8:[m[K [01;36m[Knote: [m[K  candidate expects 1 argument, 2 provided
[7.927s] [01m[K/home/janeikeliu/projects/rosmasterA1/src/path_planner_node.cpp:95:96:[m[K [01;31m[Kerror: [m[Kno matching function for call to ‘[01m[Kdiagnostic_msgs::msg::KeyValue_<std::allocator<void> >::KeyValue_(<brace-enclosed initializer list>)[m[K’
[7.927s]    95 | ::KeyValue{"publish_interval_ms", std::to_string(publish_interval_ms)[01;31m[K}[m[K,
[7.927s]       |                                                                      [01;31m[K^[m[K
[7.927s] 
[7.928s] [01m[K/opt/ros/jazzy/include/diagnostic_msgs/diagnostic_msgs/msg/detail/key_value__struct.hpp:50:12:[m[K [01;36m[Knote: [m[Kcandidate: ‘[01m[Kdiagnostic_msgs::msg::KeyValue_<ContainerAllocator>::[01;32m[KKeyValue_[m[K(const ContainerAllocator&, rosidl_runtime_cpp::MessageInitialization) [35m[K[with ContainerAllocator = std::allocator<void>][m[K[m[K’
[7.928s]    50 |   explicit [01;36m[KKeyValue_[m[K(const ContainerAllocator & _alloc, rosidl_runtime_cpp::MessageInitialization _init = rosidl_runtime_cpp::MessageInitialization::ALL)
[7.929s]       |            [01;36m[K^~~~~~~~~[m[K
[7.929s] [01m[K/opt/ros/jazzy/include/diagnostic_msgs/diagnostic_msgs/msg/detail/key_value__struct.hpp:50:49:[m[K [01;36m[Knote: [m[K  no known conversion for argument 1 from ‘[01m[Kconst char [20][m[K’ to ‘[01m[Kconst std::allocator<void>&[m[K’
[7.929s]    50 |   explicit KeyValue_([01;36m[Kconst ContainerAllocator & _alloc[m[K, rosidl_runtime_cpp::MessageInitialization _init = rosidl_runtime_cpp::MessageInitialization::ALL)
[7.929s]       |                      [01;36m[K~~~~~~~~~~~~~~~~~~~~~~~~~~~^~~~~~[m[K
[7.930s] [01m[K/opt/ros/jazzy/include/diagnostic_msgs/diagnostic_msgs/msg/detail/key_value__struct.hpp:40:12:[m[K [01;36m[Knote: [m[Kcandidate: ‘[01m[Kdiagnostic_msgs::msg::KeyValue_<ContainerAllocator>::[01;32m[KKeyValue_[m[K(rosidl_runtime_cpp::MessageInitialization) [35m[K[with ContainerAllocator = std::allocator<void>][m[K[m[K’
[7.930s]    40 |   explicit [01;36m[KKeyValue_[m[K(rosidl_runtime_cpp::MessageInitialization _init = rosidl_runtime_cpp::MessageInitialization::ALL)
[7.930s]       |            [01;36m[K^~~~~~~~~[m[K
[7.930s] [01m[K/opt/ros/jazzy/include/diagnostic_msgs/diagnostic_msgs/msg/detail/key_value__struct.hpp:40:12:[m[K [01;36m[Knote: [m[K  candidate expects 1 argument, 2 provided
[7.930s] [01m[K/opt/ros/jazzy/include/diagnostic_msgs/diagnostic_msgs/msg/detail/key_value__struct.hpp:36:8:[m[K [01;36m[Knote: [m[Kcandidate: ‘[01m[Kdiagnostic_msgs::msg::KeyValue_<std::allocator<void> >::[01;32m[KKeyValue_[m[K(const diagnostic_msgs::msg::KeyValue_<std::allocator<void> >&)[m[K’
[7.931s]    36 | struct [01;36m[KKeyValue_[m[K
[7.931s]       |        [01;36m[K^~~~~~~~~[m[K
[7.931s] [01m[K/opt/ros/jazzy/include/diagnostic_msgs/diagnostic_msgs/msg/detail/key_value__struct.hpp:36:8:[m[K [01;36m[Knote: [m[K  candidate expects 1 argument, 2 provided
[7.932s] [01m[K/opt/ros/jazzy/include/diagnostic_msgs/diagnostic_msgs/msg/detail/key_value__struct.hpp:36:8:[m[K [01;36m[Knote: [m[Kcandidate: ‘[01m[Kdiagnostic_msgs::msg::KeyValue_<std::allocator<void> >::[01;32m[KKeyValue_[m[K(diagnostic_msgs::msg::KeyValue_<std::allocator<void> >&&)[m[K’
[7.932s] [01m[K/opt/ros/jazzy/include/diagnostic_msgs/diagnostic_msgs/msg/detail/key_value__struct.hpp:36:8:[m[K [01;36m[Knote: [m[K  candidate expects 1 argument, 2 provided
[7.932s] [01m[K/home/janeikeliu/projects/rosmasterA1/src/path_planner_node.cpp:96:82:[m[K [01;31m[Kerror: [m[Kno matching function for call to ‘[01m[Kdiagnostic_msgs::msg::KeyValue_<std::allocator<void> >::KeyValue_(<brace-enclosed initializer list>)[m[K’
[7.932s]    96 | stic_msgs::msg::KeyValue{"loop_rate_hz", std::to_string(loop_rate_hz)[01;31m[K}[m[K,
[7.932s]       |                                                                      [01;31m[K^[m[K
[7.932s] 
[7.933s] [01m[K/opt/ros/jazzy/include/diagnostic_msgs/diagnostic_msgs/msg/detail/key_value__struct.hpp:50:12:[m[K [01;36m[Knote: [m[Kcandidate: ‘[01m[Kdiagnostic_msgs::msg::KeyValue_<ContainerAllocator>::[01;32m[KKeyValue_[m[K(const ContainerAllocator&, rosidl_runtime_cpp::MessageInitialization) [35m[K[with ContainerAllocator = std::allocator<void>][m[K[m[K’
[7.933s]    50 |   explicit [01;36m[KKeyValue_[m[K(const ContainerAllocator & _alloc, rosidl_runtime_cpp::MessageInitialization _init = rosidl_runtime_cpp::MessageInitialization::ALL)
[7.933s]       |            [01;36m[K^~~~~~~~~[m[K
[7.933s] [01m[K/opt/ros/jazzy/include/diagnostic_msgs/diagnostic_msgs/msg/detail/key_value__struct.hpp:50:49:[m[K [01;36m[Knote: [m[K  no known conversion for argument 1 from ‘[01m[Kconst char [13][m[K’ to ‘[01m[Kconst std::allocator<void>&[m[K’
[7.933s]    50 |   explicit KeyValue_([01;36m[Kconst ContainerAllocator & _alloc[m[K, rosidl_runtime_cpp::MessageInitialization _init = rosidl_runtime_cpp::MessageInitialization::ALL)
[7.933s]       |                      [01;36m[K~~~~~~~~~~~~~~~~~~~~~~~~~~~^~~~~~[m[K
[7.934s] [01m[K/opt/ros/jazzy/include/diagnostic_msgs/diagnostic_msgs/msg/detail/key_value__struct.hpp:40:12:[m[K [01;36m[Knote: [m[Kcandidate: ‘[01m[Kdiagnostic_msgs::msg::KeyValue_<ContainerAllocator>::[01;32m[KKeyValue_[m[K(rosidl_runtime_cpp::MessageInitialization) [35m[K[with ContainerAllocator = std::allocator<void>][m[K[m[K’
[7.934s]    40 |   explicit [01;36m[KKeyValue_[m[K(rosidl_runtime_cpp::MessageInitialization _init = rosidl_runtime_cpp::MessageInitialization::ALL)
[7.934s]       |            [01;36m[K^~~~~~~~~[m[K
[7.935s] [01m[K/opt/ros/jazzy/include/diagnostic_msgs/diagnostic_msgs/msg/detail/key_value__struct.hpp:40:12:[m[K [01;36m[Knote: [m[K  candidate expects 1 argument, 2 provided
[7.935s] [01m[K/opt/ros/jazzy/include/diagnostic_msgs/diagnostic_msgs/msg/detail/key_value__struct.hpp:36:8:[m[K [01;36m[Knote: [m[Kcandidate: ‘[01m[Kdiagnostic_msgs::msg::KeyValue_<std::allocator<void> >::[01;32m[KKeyValue_[m[K(const diagnostic_msgs::msg::KeyValue_<std::allocator<void> >&)[m[K’
[7.935s]    36 | struct [01;36m[KKeyValue_[m[K
[7.935s]       |        [01;36m[K^~~~~~~~~[m[K
[7.935s] [01m[K/opt/ros/jazzy/include/diagnostic_msgs/diagnostic_msgs/msg/detail/key_value__struct.hpp:36:8:[m[K [01;36m[Knote: [m[K  candidate expects 1 argument, 2 provided
[7.935s] [01m[K/opt/ros/jazzy/include/diagnostic_msgs/diagnostic_msgs/msg/detail/key_value__struct.hpp:36:8:[m[K [01;36m[Knote: [m[Kcandidate: ‘[01m[Kdiagnostic_msgs::msg::KeyValue_<std::allocator<void> >::[01;32m[KKeyValue_[m[K(diagnostic_msgs::msg::KeyValue_<std::allocator<void> >&&)[m[K’
[7.935s] [01m[K/opt/ros/jazzy/include/diagnostic_msgs/diagnostic_msgs/msg/detail/key_value__struct.hpp:36:8:[m[K [01;36m[Knote: [m[K  candidate expects 1 argument, 2 provided
[7.936s] [01m[K/home/janeikeliu/projects/rosmasterA1/src/path_planner_node.cpp:97:5:[m[K [01;31m[Kerror: [m[Kno match for ‘[01m[Koperator=[m[K’ (operand types are ‘[01m[Kdiagnostic_msgs::msg::DiagnosticStatus_<std::allocator<void> >::_values_type[m[K’ {aka ‘[01m[Kstd::vector<diagnostic_msgs::msg::KeyValue_<std::allocator<void> >, std::allocator<diagnostic_msgs::msg::KeyValue_<std::allocator<void> > > >[m[K’} and ‘[01m[K<brace-enclosed initializer list>[m[K’)
[7.936s]    97 |     [01;31m[K}[m[K;
[7.936s]       |     [01;31m[K^[m[K
[7.936s] In file included from [01m[K/usr/include/c++/13/vector:72[m[K,
[7.936s]                  from [01m[K/home/janeikeliu/projects/rosmasterA1/src/path_planner_node.cpp:6[m[K:
[7.936s] [01m[K/usr/include/c++/13/bits/vector.tcc:210:5:[m[K [01;36m[Knote: [m[Kcandidate: ‘[01m[Kstd::vector<_Tp, _Alloc>& std::vector<_Tp, _Alloc>::[01;32m[Koperator=[m[K(const std::vector<_Tp, _Alloc>&) [35m[K[with _Tp = diagnostic_msgs::msg::KeyValue_<std::allocator<void> >; _Alloc = std::allocator<diagnostic_msgs::msg::KeyValue_<std::allocator<void> > >][m[K[m[K’
[7.936s]   210 |     [01;36m[Kvector<_Tp, _Alloc>[m[K::
[7.936s]       |     [01;36m[K^~~~~~~~~~~~~~~~~~~[m[K
[7.936s] [01m[K/usr/include/c++/13/bits/vector.tcc:211:42:[m[K [01;36m[Knote: [m[K  no known conversion for argument 1 from ‘[01m[K<brace-enclosed initializer list>[m[K’ to ‘[01m[Kconst std::vector<diagnostic_msgs::msg::KeyValue_<std::allocator<void> >, std::allocator<diagnostic_msgs::msg::KeyValue_<std::allocator<void> > > >&[m[K’
[7.937s]   211 |     operator=([01;36m[Kconst vector<_Tp, _Alloc>& __x[m[K)
[7.937s]       |               [01;36m[K~~~~~~~~~~~~~~~~~~~~~~~~~~~^~~[m[K
[7.937s] In file included from [01m[K/usr/include/c++/13/vector:66[m[K:
[7.937s] [01m[K/usr/include/c++/13/bits/stl_vector.h:766:7:[m[K [01;36m[Knote: [m[Kcandidate: ‘[01m[Kstd::vector<_Tp, _Alloc>& std::vector<_Tp, _Alloc>::[01;32m[Koperator=[m[K(std::vector<_Tp, _Alloc>&&) [35m[K[with _Tp = diagnostic_msgs::msg::KeyValue_<std::allocator<void> >; _Alloc = std::allocator<diagnostic_msgs::msg::KeyValue_<std::allocator<void> > >][m[K[m[K’
[7.937s]   766 |       [01;36m[Koperator[m[K=(vector&& __x) noexcept(_Alloc_traits::_S_nothrow_move())
[7.937s]       |       [01;36m[K^~~~~~~~[m[K
[7.937s] [01m[K/usr/include/c++/13/bits/stl_vector.h:766:26:[m[K [01;36m[Knote: [m[K  no known conversion for argument 1 from ‘[01m[K<brace-enclosed initializer list>[m[K’ to ‘[01m[Kstd::vector<diagnostic_msgs::msg::KeyValue_<std::allocator<void> >, std::allocator<diagnostic_msgs::msg::KeyValue_<std::allocator<void> > > >&&[m[K’
[7.937s]   766 |       operator=([01;36m[Kvector&& __x[m[K) noexcept(_Alloc_traits::_S_nothrow_move())
[7.937s]       |                 [01;36m[K~~~~~~~~~^~~[m[K
[7.937s] [01m[K/usr/include/c++/13/bits/stl_vector.h:788:7:[m[K [01;36m[Knote: [m[Kcandidate: ‘[01m[Kstd::vector<_Tp, _Alloc>& std::vector<_Tp, _Alloc>::[01;32m[Koperator=[m[K(std::initializer_list<_Tp>) [35m[K[with _Tp = diagnostic_msgs::msg::KeyValue_<std::allocator<void> >; _Alloc = std::allocator<diagnostic_msgs::msg::KeyValue_<std::allocator<void> > >][m[K[m[K’
[7.938s]   788 |       [01;36m[Koperator[m[K=(initializer_list<value_type> __l)
[7.938s]       |       [01;36m[K^~~~~~~~[m[K
[7.938s] [01m[K/usr/include/c++/13/bits/stl_vector.h:788:46:[m[K [01;36m[Knote: [m[K  no known conversion for argument 1 from ‘[01m[K<brace-enclosed initializer list>[m[K’ to ‘[01m[Kstd::initializer_list<diagnostic_msgs::msg::KeyValue_<std::allocator<void> > >[m[K’
[7.938s]   788 |       operator=([01;36m[Kinitializer_list<value_type> __l[m[K)
[7.938s]       |                 [01;36m[K~~~~~~~~~~~~~~~~~~~~~~~~~~~~~^~~[m[K
[9.569s] gmake[2]: *** [CMakeFiles/path_planner_node.dir/build.make:76: CMakeFiles/path_planner_node.dir/src/path_planner_node.cpp.o] Error 1
[9.569s] gmake[1]: *** [CMakeFiles/Makefile2:137: CMakeFiles/path_planner_node.dir/all] Error 2
[9.570s] gmake: *** [Makefile:146: all] Error 2
[9.574s] Invoked command in '/home/janeikeliu/projects/rosmasterA1/build/rosmaster_a1' returned '2': CMAKE_PREFIX_PATH=${CMAKE_PREFIX_PATH}:/home/janeikeliu/projects/sparky/install/path_planner:/home/janeikeliu/projects/sparky/install/vehicle_description:/home/janeikeliu/projects/sparky/install/metrics_logger:/home/janeikeliu/projects/sparky/install/controller:/opt/ros/jazzy VIRTUAL_ENV_PROMPT=(venv) /usr/bin/cmake --build /home/janeikeliu/projects/rosmasterA1/build/rosmaster_a1 -- -j22 -l22
