[0.219s] DEBUG:colcon:Command line arguments: ['/usr/bin/colcon', 'build', '--packages-select', 'rosmaster_a1', '--event-handlers', 'console_direct+']
[0.219s] DEBUG:colcon:Parsed command line arguments: Namespace(log_base=None, log_level=None, verb_name='build', build_base='build', install_base='install', merge_install=False, symlink_install=False, test_result_base=None, continue_on_error=False, executor='parallel', parallel_workers=22, event_handlers=['console_direct+'], ignore_user_meta=False, metas=['./colcon.meta'], base_paths=['.'], packages_ignore=None, packages_ignore_regex=None, paths=None, packages_up_to=None, packages_up_to_regex=None, packages_above=None, packages_above_and_dependencies=None, packages_above_depth=None, packages_select_by_dep=None, packages_skip_by_dep=None, packages_skip_up_to=None, packages_select_build_failed=False, packages_skip_build_finished=False, packages_select_test_failures=False, packages_skip_test_passed=False, packages_select=['rosmaster_a1'], packages_skip=None, packages_select_regex=None, packages_skip_regex=None, packages_start=None, packages_end=None, allow_overriding=[], cmake_args=None, cmake_target=None, cmake_target_skip_unavailable=False, cmake_clean_cache=False, cmake_clean_first=False, cmake_force_configure=False, ament_cmake_args=None, catkin_cmake_args=None, catkin_skip_building_tests=False, mixin_files=None, mixin=None, verb_parser=<colcon_mixin.mixin.mixin_argument.MixinArgumentDecorator object at 0x7a222d5863f0>, verb_extension=<colcon_core.verb.build.BuildVerb object at 0x7a222d586090>, main=<bound method BuildVerb.main of <colcon_core.verb.build.BuildVerb object at 0x7a222d586090>>, mixin_verb=('build',))
[0.263s] Level 1:colcon.colcon_core.package_discovery:discover_packages(colcon_meta) check parameters
[0.263s] Level 1:colcon.colcon_core.package_discovery:discover_packages(recursive) check parameters
[0.263s] Level 1:colcon.colcon_core.package_discovery:discover_packages(ignore) check parameters
[0.263s] Level 1:colcon.colcon_core.package_discovery:discover_packages(path) check parameters
[0.263s] Level 1:colcon.colcon_core.package_discovery:discover_packages(colcon_meta) discover
[0.264s] Level 1:colcon.colcon_core.package_discovery:discover_packages(recursive) discover
[0.264s] INFO:colcon.colcon_core.package_discovery:Crawling recursively for packages in '/home/janeikeliu/projects/rosmasterA1'
[0.264s] Level 1:colcon.colcon_core.package_identification:_identify(.) by extensions ['ignore', 'ignore_ament_install']
[0.264s] Level 1:colcon.colcon_core.package_identification:_identify(.) by extension 'ignore'
[0.264s] Level 1:colcon.colcon_core.package_identification:_identify(.) by extension 'ignore_ament_install'
[0.264s] Level 1:colcon.colcon_core.package_identification:_identify(.) by extensions ['colcon_pkg']
[0.264s] Level 1:colcon.colcon_core.package_identification:_identify(.) by extension 'colcon_pkg'
[0.264s] Level 1:colcon.colcon_core.package_identification:_identify(.) by extensions ['colcon_meta']
[0.264s] Level 1:colcon.colcon_core.package_identification:_identify(.) by extension 'colcon_meta'
[0.264s] Level 1:colcon.colcon_core.package_identification:_identify(.) by extensions ['ros']
[0.264s] Level 1:colcon.colcon_core.package_identification:_identify(.) by extension 'ros'
[0.290s] DEBUG:colcon.colcon_core.package_identification:Package '.' with type 'ros.ament_cmake' and name 'rosmaster_a1'
[0.290s] Level 1:colcon.colcon_core.package_discovery:discover_packages(recursive) using defaults
[0.290s] Level 1:colcon.colcon_core.package_discovery:discover_packages(ignore) discover
[0.290s] Level 1:colcon.colcon_core.package_discovery:discover_packages(ignore) using defaults
[0.290s] Level 1:colcon.colcon_core.package_discovery:discover_packages(path) discover
[0.290s] Level 1:colcon.colcon_core.package_discovery:discover_packages(path) using defaults
[0.309s] Level 1:colcon.colcon_core.package_discovery:discover_packages(prefix_path) check parameters
[0.309s] Level 1:colcon.colcon_core.package_discovery:discover_packages(prefix_path) discover
[0.312s] DEBUG:colcon.colcon_installed_package_information.package_discovery:Found 6 installed packages in /home/janeikeliu/projects/sparky/install
[0.314s] DEBUG:colcon.colcon_installed_package_information.package_discovery:Found 290 installed packages in /opt/ros/jazzy
[0.316s] Level 1:colcon.colcon_core.package_discovery:discover_packages(prefix_path) using defaults
[0.363s] Level 5:colcon.colcon_core.verb:set package 'rosmaster_a1' build argument 'cmake_args' from command line to 'None'
[0.363s] Level 5:colcon.colcon_core.verb:set package 'rosmaster_a1' build argument 'cmake_target' from command line to 'None'
[0.363s] Level 5:colcon.colcon_core.verb:set package 'rosmaster_a1' build argument 'cmake_target_skip_unavailable' from command line to 'False'
[0.363s] Level 5:colcon.colcon_core.verb:set package 'rosmaster_a1' build argument 'cmake_clean_cache' from command line to 'False'
[0.363s] Level 5:colcon.colcon_core.verb:set package 'rosmaster_a1' build argument 'cmake_clean_first' from command line to 'False'
[0.363s] Level 5:colcon.colcon_core.verb:set package 'rosmaster_a1' build argument 'cmake_force_configure' from command line to 'False'
[0.363s] Level 5:colcon.colcon_core.verb:set package 'rosmaster_a1' build argument 'ament_cmake_args' from command line to 'None'
[0.363s] Level 5:colcon.colcon_core.verb:set package 'rosmaster_a1' build argument 'catkin_cmake_args' from command line to 'None'
[0.363s] Level 5:colcon.colcon_core.verb:set package 'rosmaster_a1' build argument 'catkin_skip_building_tests' from command line to 'False'
[0.363s] DEBUG:colcon.colcon_core.verb:Building package 'rosmaster_a1' with the following arguments: {'ament_cmake_args': None, 'build_base': '/home/janeikeliu/projects/rosmasterA1/build/rosmaster_a1', 'catkin_cmake_args': None, 'catkin_skip_building_tests': False, 'cmake_args': None, 'cmake_clean_cache': False, 'cmake_clean_first': False, 'cmake_force_configure': False, 'cmake_target': None, 'cmake_target_skip_unavailable': False, 'install_base': '/home/janeikeliu/projects/rosmasterA1/install/rosmaster_a1', 'merge_install': False, 'path': '/home/janeikeliu/projects/rosmasterA1', 'symlink_install': False, 'test_result_base': None}
[0.363s] INFO:colcon.colcon_core.executor:Executing jobs using 'parallel' executor
[0.365s] DEBUG:colcon.colcon_parallel_executor.executor.parallel:run_until_complete
[0.366s] INFO:colcon.colcon_ros.task.ament_cmake.build:Building ROS package in '/home/janeikeliu/projects/rosmasterA1' with build type 'ament_cmake'
[0.366s] INFO:colcon.colcon_cmake.task.cmake.build:Building CMake package in '/home/janeikeliu/projects/rosmasterA1'
[0.369s] INFO:colcon.colcon_core.plugin_system:Skipping extension 'colcon_core.shell.bat': Not used on non-Windows systems
[0.369s] INFO:colcon.colcon_core.shell:Skip shell extension 'powershell' for command environment: Not usable outside of PowerShell
[0.369s] DEBUG:colcon.colcon_core.shell:Skip shell extension 'dsv' for command environment
[0.382s] DEBUG:colcon.colcon_core.event_handler.log_command:Invoking command in '/home/janeikeliu/projects/rosmasterA1/build/rosmaster_a1': CMAKE_PREFIX_PATH=${CMAKE_PREFIX_PATH}:/home/janeikeliu/projects/sparky/install/path_planner:/home/janeikeliu/projects/sparky/install/vehicle_description:/home/janeikeliu/projects/sparky/install/metrics_logger:/home/janeikeliu/projects/sparky/install/controller:/opt/ros/jazzy VIRTUAL_ENV_PROMPT=(venv) /usr/bin/cmake --build /home/janeikeliu/projects/rosmasterA1/build/rosmaster_a1 -- -j22 -l22
[15.818s] DEBUG:colcon.colcon_core.event_handler.log_command:Invoked command in '/home/janeikeliu/projects/rosmasterA1/build/rosmaster_a1' returned '0': CMAKE_PREFIX_PATH=${CMAKE_PREFIX_PATH}:/home/janeikeliu/projects/sparky/install/path_planner:/home/janeikeliu/projects/sparky/install/vehicle_description:/home/janeikeliu/projects/sparky/install/metrics_logger:/home/janeikeliu/projects/sparky/install/controller:/opt/ros/jazzy VIRTUAL_ENV_PROMPT=(venv) /usr/bin/cmake --build /home/janeikeliu/projects/rosmasterA1/build/rosmaster_a1 -- -j22 -l22
[15.831s] DEBUG:colcon.colcon_core.event_handler.log_command:Invoking command in '/home/janeikeliu/projects/rosmasterA1/build/rosmaster_a1': CMAKE_PREFIX_PATH=${CMAKE_PREFIX_PATH}:/home/janeikeliu/projects/sparky/install/path_planner:/home/janeikeliu/projects/sparky/install/vehicle_description:/home/janeikeliu/projects/sparky/install/metrics_logger:/home/janeikeliu/projects/sparky/install/controller:/opt/ros/jazzy VIRTUAL_ENV_PROMPT=(venv) /usr/bin/cmake --install /home/janeikeliu/projects/rosmasterA1/build/rosmaster_a1
[15.852s] Level 1:colcon.colcon_core.environment:create_environment_scripts_only(rosmaster_a1)
[15.854s] DEBUG:colcon.colcon_core.event_handler.log_command:Invoked command in '/home/janeikeliu/projects/rosmasterA1/build/rosmaster_a1' returned '0': CMAKE_PREFIX_PATH=${CMAKE_PREFIX_PATH}:/home/janeikeliu/projects/sparky/install/path_planner:/home/janeikeliu/projects/sparky/install/vehicle_description:/home/janeikeliu/projects/sparky/install/metrics_logger:/home/janeikeliu/projects/sparky/install/controller:/opt/ros/jazzy VIRTUAL_ENV_PROMPT=(venv) /usr/bin/cmake --install /home/janeikeliu/projects/rosmasterA1/build/rosmaster_a1
[15.856s] Level 1:colcon.colcon_core.environment:checking '/home/janeikeliu/projects/rosmasterA1/install/rosmaster_a1' for CMake module files
[15.856s] Level 1:colcon.colcon_core.environment:checking '/home/janeikeliu/projects/rosmasterA1/install/rosmaster_a1' for CMake config files
[15.857s] Level 1:colcon.colcon_core.shell:create_environment_hook('rosmaster_a1', 'cmake_prefix_path')
[15.857s] INFO:colcon.colcon_core.shell:Creating environment hook '/home/janeikeliu/projects/rosmasterA1/install/rosmaster_a1/share/rosmaster_a1/hook/cmake_prefix_path.ps1'
[15.858s] INFO:colcon.colcon_core.shell:Creating environment descriptor '/home/janeikeliu/projects/rosmasterA1/install/rosmaster_a1/share/rosmaster_a1/hook/cmake_prefix_path.dsv'
[15.858s] INFO:colcon.colcon_core.shell:Creating environment hook '/home/janeikeliu/projects/rosmasterA1/install/rosmaster_a1/share/rosmaster_a1/hook/cmake_prefix_path.sh'
[15.859s] Level 1:colcon.colcon_core.environment:checking '/home/janeikeliu/projects/rosmasterA1/install/rosmaster_a1/lib'
[15.859s] Level 1:colcon.colcon_core.environment:checking '/home/janeikeliu/projects/rosmasterA1/install/rosmaster_a1/bin'
[15.859s] Level 1:colcon.colcon_core.environment:checking '/home/janeikeliu/projects/rosmasterA1/install/rosmaster_a1/lib/pkgconfig/rosmaster_a1.pc'
[15.859s] Level 1:colcon.colcon_core.environment:checking '/home/janeikeliu/projects/rosmasterA1/install/rosmaster_a1/lib/python3.12/site-packages'
[15.859s] Level 1:colcon.colcon_core.environment:checking '/home/janeikeliu/projects/rosmasterA1/install/rosmaster_a1/bin'
[15.860s] INFO:colcon.colcon_core.shell:Creating package script '/home/janeikeliu/projects/rosmasterA1/install/rosmaster_a1/share/rosmaster_a1/package.ps1'
[15.860s] INFO:colcon.colcon_core.shell:Creating package descriptor '/home/janeikeliu/projects/rosmasterA1/install/rosmaster_a1/share/rosmaster_a1/package.dsv'
[15.861s] INFO:colcon.colcon_core.shell:Creating package script '/home/janeikeliu/projects/rosmasterA1/install/rosmaster_a1/share/rosmaster_a1/package.sh'
[15.862s] INFO:colcon.colcon_core.shell:Creating package script '/home/janeikeliu/projects/rosmasterA1/install/rosmaster_a1/share/rosmaster_a1/package.bash'
[15.863s] INFO:colcon.colcon_core.shell:Creating package script '/home/janeikeliu/projects/rosmasterA1/install/rosmaster_a1/share/rosmaster_a1/package.zsh'
[15.864s] Level 1:colcon.colcon_core.environment:create_file_with_runtime_dependencies(/home/janeikeliu/projects/rosmasterA1/install/rosmaster_a1/share/colcon-core/packages/rosmaster_a1)
[15.865s] Level 1:colcon.colcon_core.environment:create_environment_scripts_only(rosmaster_a1)
[15.865s] Level 1:colcon.colcon_core.environment:checking '/home/janeikeliu/projects/rosmasterA1/install/rosmaster_a1' for CMake module files
[15.866s] Level 1:colcon.colcon_core.environment:checking '/home/janeikeliu/projects/rosmasterA1/install/rosmaster_a1' for CMake config files
[15.866s] Level 1:colcon.colcon_core.shell:create_environment_hook('rosmaster_a1', 'cmake_prefix_path')
[15.866s] INFO:colcon.colcon_core.shell:Creating environment hook '/home/janeikeliu/projects/rosmasterA1/install/rosmaster_a1/share/rosmaster_a1/hook/cmake_prefix_path.ps1'
[15.867s] INFO:colcon.colcon_core.shell:Creating environment descriptor '/home/janeikeliu/projects/rosmasterA1/install/rosmaster_a1/share/rosmaster_a1/hook/cmake_prefix_path.dsv'
[15.867s] INFO:colcon.colcon_core.shell:Creating environment hook '/home/janeikeliu/projects/rosmasterA1/install/rosmaster_a1/share/rosmaster_a1/hook/cmake_prefix_path.sh'
[15.868s] Level 1:colcon.colcon_core.environment:checking '/home/janeikeliu/projects/rosmasterA1/install/rosmaster_a1/lib'
[15.868s] Level 1:colcon.colcon_core.environment:checking '/home/janeikeliu/projects/rosmasterA1/install/rosmaster_a1/bin'
[15.868s] Level 1:colcon.colcon_core.environment:checking '/home/janeikeliu/projects/rosmasterA1/install/rosmaster_a1/lib/pkgconfig/rosmaster_a1.pc'
[15.869s] Level 1:colcon.colcon_core.environment:checking '/home/janeikeliu/projects/rosmasterA1/install/rosmaster_a1/lib/python3.12/site-packages'
[15.869s] Level 1:colcon.colcon_core.environment:checking '/home/janeikeliu/projects/rosmasterA1/install/rosmaster_a1/bin'
[15.869s] INFO:colcon.colcon_core.shell:Creating package script '/home/janeikeliu/projects/rosmasterA1/install/rosmaster_a1/share/rosmaster_a1/package.ps1'
[15.870s] INFO:colcon.colcon_core.shell:Creating package descriptor '/home/janeikeliu/projects/rosmasterA1/install/rosmaster_a1/share/rosmaster_a1/package.dsv'
[15.870s] INFO:colcon.colcon_core.shell:Creating package script '/home/janeikeliu/projects/rosmasterA1/install/rosmaster_a1/share/rosmaster_a1/package.sh'
[15.871s] INFO:colcon.colcon_core.shell:Creating package script '/home/janeikeliu/projects/rosmasterA1/install/rosmaster_a1/share/rosmaster_a1/package.bash'
[15.871s] INFO:colcon.colcon_core.shell:Creating package script '/home/janeikeliu/projects/rosmasterA1/install/rosmaster_a1/share/rosmaster_a1/package.zsh'
[15.872s] Level 1:colcon.colcon_core.environment:create_file_with_runtime_dependencies(/home/janeikeliu/projects/rosmasterA1/install/rosmaster_a1/share/colcon-core/packages/rosmaster_a1)
[15.873s] DEBUG:colcon.colcon_parallel_executor.executor.parallel:closing loop
[15.874s] DEBUG:colcon.colcon_parallel_executor.executor.parallel:loop closed
[15.874s] DEBUG:colcon.colcon_parallel_executor.executor.parallel:run_until_complete finished with '0'
[15.875s] DEBUG:colcon.colcon_core.event_reactor:joining thread
[15.879s] INFO:colcon.colcon_core.plugin_system:Skipping extension 'colcon_notification.desktop_notification.terminal_notifier': Not used on non-Darwin systems
[15.879s] INFO:colcon.colcon_core.plugin_system:Skipping extension 'colcon_notification.desktop_notification.win32': Not used on non-Windows systems
[15.880s] INFO:colcon.colcon_notification.desktop_notification:Sending desktop notification using 'notify2'
[15.881s] DEBUG:colcon.colcon_notification.desktop_notification.notify2:Failed to initialize notify2: org.freedesktop.DBus.Error.ServiceUnknown: The name org.freedesktop.Notifications was not provided by any .service files
[15.882s] DEBUG:colcon.colcon_core.event_reactor:joined thread
[15.882s] INFO:colcon.colcon_core.shell:Creating prefix script '/home/janeikeliu/projects/rosmasterA1/install/local_setup.ps1'
[15.883s] INFO:colcon.colcon_core.shell:Creating prefix util module '/home/janeikeliu/projects/rosmasterA1/install/_local_setup_util_ps1.py'
[15.884s] INFO:colcon.colcon_core.shell:Creating prefix chain script '/home/janeikeliu/projects/rosmasterA1/install/setup.ps1'
[15.885s] INFO:colcon.colcon_core.shell:Creating prefix script '/home/janeikeliu/projects/rosmasterA1/install/local_setup.sh'
[15.886s] INFO:colcon.colcon_core.shell:Creating prefix util module '/home/janeikeliu/projects/rosmasterA1/install/_local_setup_util_sh.py'
[15.886s] INFO:colcon.colcon_core.shell:Creating prefix chain script '/home/janeikeliu/projects/rosmasterA1/install/setup.sh'
[15.887s] INFO:colcon.colcon_core.shell:Creating prefix script '/home/janeikeliu/projects/rosmasterA1/install/local_setup.bash'
[15.888s] INFO:colcon.colcon_core.shell:Creating prefix chain script '/home/janeikeliu/projects/rosmasterA1/install/setup.bash'
[15.888s] INFO:colcon.colcon_core.shell:Creating prefix script '/home/janeikeliu/projects/rosmasterA1/install/local_setup.zsh'
[15.889s] INFO:colcon.colcon_core.shell:Creating prefix chain script '/home/janeikeliu/projects/rosmasterA1/install/setup.zsh'
