[0.012s] Invoking command in '/home/janeikeliu/projects/rosmasterA1/build/rosmaster_a1': CMAKE_PREFIX_PATH=${CMAKE_PREFIX_PATH}:/home/janeikeliu/projects/sparky/install/path_planner:/home/janeikeliu/projects/sparky/install/vehicle_description:/home/janeikeliu/projects/sparky/install/metrics_logger:/home/janeikeliu/projects/sparky/install/controller:/opt/ros/jazzy VIRTUAL_ENV_PROMPT=(venv) /usr/bin/cmake --build /home/janeikeliu/projects/rosmasterA1/build/rosmaster_a1 -- -j22 -l22
[0.037s] -- Found ament_cmake: 2.5.6 (/opt/ros/jazzy/share/ament_cmake/cmake)
[0.215s] -- Found ackermann_msgs: 2.0.2 (/opt/ros/jazzy/share/ackermann_msgs/cmake)
[0.410s] -- Found rosidl_generator_c: 4.6.7 (/opt/ros/jazzy/share/rosidl_generator_c/cmake)
[0.419s] -- Found rosidl_generator_cpp: 4.6.7 (/opt/ros/jazzy/share/rosidl_generator_cpp/cmake)
[0.428s] -- Using all available rosidl_typesupport_c: rosidl_typesupport_fastrtps_c;rosidl_typesupport_introspection_c
[0.441s] -- Using all available rosidl_typesupport_cpp: rosidl_typesupport_fastrtps_cpp;rosidl_typesupport_introspection_cpp
[0.476s] -- Found diagnostic_msgs: 5.3.7 (/opt/ros/jazzy/share/diagnostic_msgs/cmake)
[0.512s] -- Found geometry_msgs: 5.3.7 (/opt/ros/jazzy/share/geometry_msgs/cmake)
[0.526s] -- Found nav_msgs: 5.3.7 (/opt/ros/jazzy/share/nav_msgs/cmake)
[0.549s] -- Found rclcpp: 28.1.18 (/opt/ros/jazzy/share/rclcpp/cmake)
[0.580s] -- Found rmw_implementation_cmake: 7.3.3 (/opt/ros/jazzy/share/rmw_implementation_cmake/cmake)
[0.581s] -- Found rmw_fastrtps_cpp: 8.4.3 (/opt/ros/jazzy/share/rmw_fastrtps_cpp/cmake)
[0.872s] -- Using RMW implementation 'rmw_fastrtps_cpp' as default
[1.075s] -- Found tf2: 0.36.20 (/opt/ros/jazzy/share/tf2/cmake)
[1.079s] -- Found tf2_geometry_msgs: 0.36.20 (/opt/ros/jazzy/share/tf2_geometry_msgs/cmake)
[1.082s] -- Found eigen3_cmake_module: 0.3.0 (/opt/ros/jazzy/share/eigen3_cmake_module/cmake)
[1.084s] -- Ensuring Eigen3 include directory is part of orocos-kdl CMake target
[1.316s] -- Configuring done (1.3s)
[1.342s] -- Generating done (0.0s)
[1.353s] -- Build files have been written to: /home/janeikeliu/projects/rosmasterA1/build/rosmaster_a1
[1.393s] [ 16%] [32mBuilding CXX object CMakeFiles/vehicle_simulator_node.dir/src/vehicle_simulator_node.cpp.o[0m
[1.407s] [ 33%] [32mBuilding CXX object CMakeFiles/pure_pursuit_controller_node.dir/src/pure_pursuit_controller_node.cpp.o[0m
[1.407s] [ 66%] Built target path_planner_node
[11.705s] [ 83%] [32m[1mLinking CXX executable vehicle_simulator_node[0m
[12.175s] [ 83%] Built target vehicle_simulator_node
[14.738s] [100%] [32m[1mLinking CXX executable pure_pursuit_controller_node[0m
[15.340s] [100%] Built target pure_pursuit_controller_node
[15.354s] Invoked command in '/home/janeikeliu/projects/rosmasterA1/build/rosmaster_a1' returned '0': CMAKE_PREFIX_PATH=${CMAKE_PREFIX_PATH}:/home/janeikeliu/projects/sparky/install/path_planner:/home/janeikeliu/projects/sparky/install/vehicle_description:/home/janeikeliu/projects/sparky/install/metrics_logger:/home/janeikeliu/projects/sparky/install/controller:/opt/ros/jazzy VIRTUAL_ENV_PROMPT=(venv) /usr/bin/cmake --build /home/janeikeliu/projects/rosmasterA1/build/rosmaster_a1 -- -j22 -l22
[15.366s] Invoking command in '/home/janeikeliu/projects/rosmasterA1/build/rosmaster_a1': CMAKE_PREFIX_PATH=${CMAKE_PREFIX_PATH}:/home/janeikeliu/projects/sparky/install/path_planner:/home/janeikeliu/projects/sparky/install/vehicle_description:/home/janeikeliu/projects/sparky/install/metrics_logger:/home/janeikeliu/projects/sparky/install/controller:/opt/ros/jazzy VIRTUAL_ENV_PROMPT=(venv) /usr/bin/cmake --install /home/janeikeliu/projects/rosmasterA1/build/rosmaster_a1
[15.374s] -- Install configuration: ""
[15.375s] -- Up-to-date: /home/janeikeliu/projects/rosmasterA1/install/rosmaster_a1/lib/rosmaster_a1/path_planner_node
[15.375s] -- Installing: /home/janeikeliu/projects/rosmasterA1/install/rosmaster_a1/lib/rosmaster_a1/pure_pursuit_controller_node
[15.384s] -- Set non-toolchain portion of runtime path of "/home/janeikeliu/projects/rosmasterA1/install/rosmaster_a1/lib/rosmaster_a1/pure_pursuit_controller_node" to ""
[15.384s] -- Installing: /home/janeikeliu/projects/rosmasterA1/install/rosmaster_a1/lib/rosmaster_a1/vehicle_simulator_node
[15.390s] -- Set non-toolchain portion of runtime path of "/home/janeikeliu/projects/rosmasterA1/install/rosmaster_a1/lib/rosmaster_a1/vehicle_simulator_node" to ""
[15.391s] -- Up-to-date: /home/janeikeliu/projects/rosmasterA1/install/rosmaster_a1/share/rosmaster_a1/config
[15.391s] -- Installing: /home/janeikeliu/projects/rosmasterA1/install/rosmaster_a1/share/rosmaster_a1/config/default_route.yaml
[15.391s] -- Installing: /home/janeikeliu/projects/rosmasterA1/install/rosmaster_a1/share/ament_index/resource_index/package_run_dependencies/rosmaster_a1
[15.391s] -- Up-to-date: /home/janeikeliu/projects/rosmasterA1/install/rosmaster_a1/share/ament_index/resource_index/parent_prefix_path/rosmaster_a1
[15.391s] -- Up-to-date: /home/janeikeliu/projects/rosmasterA1/install/rosmaster_a1/share/rosmaster_a1/environment/ament_prefix_path.sh
[15.391s] -- Up-to-date: /home/janeikeliu/projects/rosmasterA1/install/rosmaster_a1/share/rosmaster_a1/environment/ament_prefix_path.dsv
[15.391s] -- Up-to-date: /home/janeikeliu/projects/rosmasterA1/install/rosmaster_a1/share/rosmaster_a1/environment/path.sh
[15.392s] -- Up-to-date: /home/janeikeliu/projects/rosmasterA1/install/rosmaster_a1/share/rosmaster_a1/environment/path.dsv
[15.392s] -- Up-to-date: /home/janeikeliu/projects/rosmasterA1/install/rosmaster_a1/share/rosmaster_a1/local_setup.bash
[15.392s] -- Up-to-date: /home/janeikeliu/projects/rosmasterA1/install/rosmaster_a1/share/rosmaster_a1/local_setup.sh
[15.392s] -- Up-to-date: /home/janeikeliu/projects/rosmasterA1/install/rosmaster_a1/share/rosmaster_a1/local_setup.zsh
[15.392s] -- Up-to-date: /home/janeikeliu/projects/rosmasterA1/install/rosmaster_a1/share/rosmaster_a1/local_setup.dsv
[15.392s] -- Installing: /home/janeikeliu/projects/rosmasterA1/install/rosmaster_a1/share/rosmaster_a1/package.dsv
[15.392s] -- Up-to-date: /home/janeikeliu/projects/rosmasterA1/install/rosmaster_a1/share/ament_index/resource_index/packages/rosmaster_a1
[15.392s] -- Up-to-date: /home/janeikeliu/projects/rosmasterA1/install/rosmaster_a1/share/rosmaster_a1/cmake/rosmaster_a1Config.cmake
[15.392s] -- Up-to-date: /home/janeikeliu/projects/rosmasterA1/install/rosmaster_a1/share/rosmaster_a1/cmake/rosmaster_a1Config-version.cmake
[15.393s] -- Installing: /home/janeikeliu/projects/rosmasterA1/install/rosmaster_a1/share/rosmaster_a1/package.xml
[15.395s] Invoked command in '/home/janeikeliu/projects/rosmasterA1/build/rosmaster_a1' returned '0': CMAKE_PREFIX_PATH=${CMAKE_PREFIX_PATH}:/home/janeikeliu/projects/sparky/install/path_planner:/home/janeikeliu/projects/sparky/install/vehicle_description:/home/janeikeliu/projects/sparky/install/metrics_logger:/home/janeikeliu/projects/sparky/install/controller:/opt/ros/jazzy VIRTUAL_ENV_PROMPT=(venv) /usr/bin/cmake --install /home/janeikeliu/projects/rosmasterA1/build/rosmaster_a1
