[ 12%] Built target gtest_main
[ 25%] Built target path_planner_node
[ 43%] [32mBuilding CXX object CMakeFiles/pure_pursuit_controller_node.dir/src/pure_pursuit_controller_node.cpp.o[0m
[ 43%] Built target metrics_logger_node
[ 56%] Built target gtest
[ 62%] [32mBuilding CXX object CMakeFiles/vehicle_simulator_node.dir/src/vehicle_simulator_node.cpp.o[0m
[ 68%] [32mBuilding CXX object CMakeFiles/test_pure_pursuit.dir/test/test_pure_pursuit.cpp.o[0m
[ 75%] [32mBuilding CXX object CMakeFiles/test_vehicle_kinematics.dir/test/test_vehicle_kinematics.cpp.o[0m
[ 81%] [32m[1mLinking CXX executable test_vehicle_kinematics[0m
[ 87%] [32m[1mLinking CXX executable test_pure_pursuit[0m
[ 87%] Built target test_vehicle_kinematics
[ 87%] Built target test_pure_pursuit
[ 93%] [32m[1mLinking CXX executable vehicle_simulator_node[0m
[ 93%] Built target vehicle_simulator_node
[100%] [32m[1mLinking CXX executable pure_pursuit_controller_node[0m
[100%] Built target pure_pursuit_controller_node
-- Install configuration: ""
-- Up-to-date: /home/janeikeliu/projects/rosmasterA1/install/rosmaster_a1/lib/rosmaster_a1/path_planner_node
-- Installing: /home/janeikeliu/projects/rosmasterA1/install/rosmaster_a1/lib/rosmaster_a1/pure_pursuit_controller_node
-- Set non-toolchain portion of runtime path of "/home/janeikeliu/projects/rosmasterA1/install/rosmaster_a1/lib/rosmaster_a1/pure_pursuit_controller_node" to ""
-- Installing: /home/janeikeliu/projects/rosmasterA1/install/rosmaster_a1/lib/rosmaster_a1/vehicle_simulator_node
-- Set non-toolchain portion of runtime path of "/home/janeikeliu/projects/rosmasterA1/install/rosmaster_a1/lib/rosmaster_a1/vehicle_simulator_node" to ""
-- Up-to-date: /home/janeikeliu/projects/rosmasterA1/install/rosmaster_a1/lib/rosmaster_a1/metrics_logger_node
-- Up-to-date: /home/janeikeliu/projects/rosmasterA1/install/rosmaster_a1/share/rosmaster_a1/config
-- Up-to-date: /home/janeikeliu/projects/rosmasterA1/install/rosmaster_a1/share/rosmaster_a1/config/default_route.yaml
-- Up-to-date: /home/janeikeliu/projects/rosmasterA1/install/rosmaster_a1/share/rosmaster_a1/launch
-- Up-to-date: /home/janeikeliu/projects/rosmasterA1/install/rosmaster_a1/share/rosmaster_a1/launch/simulator.launch.py
-- Up-to-date: /home/janeikeliu/projects/rosmasterA1/install/rosmaster_a1/share/rosmaster_a1/rviz
-- Up-to-date: /home/janeikeliu/projects/rosmasterA1/install/rosmaster_a1/share/rosmaster_a1/rviz/simulator.rviz
-- Up-to-date: /home/janeikeliu/projects/rosmasterA1/install/rosmaster_a1/share/rosmaster_a1/urdf
-- Up-to-date: /home/janeikeliu/projects/rosmasterA1/install/rosmaster_a1/share/rosmaster_a1/urdf/simulator_vehicle.urdf
-- Up-to-date: /home/janeikeliu/projects/rosmasterA1/install/rosmaster_a1/include
-- Up-to-date: /home/janeikeliu/projects/rosmasterA1/install/rosmaster_a1/include/rosmaster_a1
-- Installing: /home/janeikeliu/projects/rosmasterA1/install/rosmaster_a1/include/rosmaster_a1/pure_pursuit.hpp
-- Installing: /home/janeikeliu/projects/rosmasterA1/install/rosmaster_a1/include/rosmaster_a1/vehicle_kinematics.hpp
-- Up-to-date: /home/janeikeliu/projects/rosmasterA1/install/rosmaster_a1/share/ament_index/resource_index/package_run_dependencies/rosmaster_a1
-- Up-to-date: /home/janeikeliu/projects/rosmasterA1/install/rosmaster_a1/share/ament_index/resource_index/parent_prefix_path/rosmaster_a1
-- Up-to-date: /home/janeikeliu/projects/rosmasterA1/install/rosmaster_a1/share/rosmaster_a1/environment/ament_prefix_path.sh
-- Up-to-date: /home/janeikeliu/projects/rosmasterA1/install/rosmaster_a1/share/rosmaster_a1/environment/ament_prefix_path.dsv
-- Up-to-date: /home/janeikeliu/projects/rosmasterA1/install/rosmaster_a1/share/rosmaster_a1/environment/path.sh
-- Up-to-date: /home/janeikeliu/projects/rosmasterA1/install/rosmaster_a1/share/rosmaster_a1/environment/path.dsv
-- Up-to-date: /home/janeikeliu/projects/rosmasterA1/install/rosmaster_a1/share/rosmaster_a1/local_setup.bash
-- Up-to-date: /home/janeikeliu/projects/rosmasterA1/install/rosmaster_a1/share/rosmaster_a1/local_setup.sh
-- Up-to-date: /home/janeikeliu/projects/rosmasterA1/install/rosmaster_a1/share/rosmaster_a1/local_setup.zsh
-- Up-to-date: /home/janeikeliu/projects/rosmasterA1/install/rosmaster_a1/share/rosmaster_a1/local_setup.dsv
-- Installing: /home/janeikeliu/projects/rosmasterA1/install/rosmaster_a1/share/rosmaster_a1/package.dsv
-- Up-to-date: /home/janeikeliu/projects/rosmasterA1/install/rosmaster_a1/share/ament_index/resource_index/packages/rosmaster_a1
-- Up-to-date: /home/janeikeliu/projects/rosmasterA1/install/rosmaster_a1/share/rosmaster_a1/cmake/rosmaster_a1Config.cmake
-- Up-to-date: /home/janeikeliu/projects/rosmasterA1/install/rosmaster_a1/share/rosmaster_a1/cmake/rosmaster_a1Config-version.cmake
-- Up-to-date: /home/janeikeliu/projects/rosmasterA1/install/rosmaster_a1/share/rosmaster_a1/package.xml
