[0.013s] Invoking command in '/home/janeikeliu/projects/rosmasterA1/build/rosmaster_a1': CMAKE_PREFIX_PATH=${CMAKE_PREFIX_PATH}:/home/janeikeliu/projects/sparky/install/path_planner:/home/janeikeliu/projects/sparky/install/vehicle_description:/home/janeikeliu/projects/sparky/install/metrics_logger:/home/janeikeliu/projects/sparky/install/controller:/opt/ros/jazzy VIRTUAL_ENV_PROMPT=(venv) /usr/bin/cmake --build /home/janeikeliu/projects/rosmasterA1/build/rosmaster_a1 -- -j22 -l22
[0.033s] -- Found ament_cmake: 2.5.6 (/opt/ros/jazzy/share/ament_cmake/cmake)
[0.215s] -- Found ackermann_msgs: 2.0.2 (/opt/ros/jazzy/share/ackermann_msgs/cmake)
[0.433s] -- Found rosidl_generator_c: 4.6.7 (/opt/ros/jazzy/share/rosidl_generator_c/cmake)
[0.442s] -- Found rosidl_generator_cpp: 4.6.7 (/opt/ros/jazzy/share/rosidl_generator_cpp/cmake)
[0.453s] -- Using all available rosidl_typesupport_c: rosidl_typesupport_fastrtps_c;rosidl_typesupport_introspection_c
[0.467s] -- Using all available rosidl_typesupport_cpp: rosidl_typesupport_fastrtps_cpp;rosidl_typesupport_introspection_cpp
[0.510s] -- Found diagnostic_msgs: 5.3.7 (/opt/ros/jazzy/share/diagnostic_msgs/cmake)
[0.537s] -- Found geometry_msgs: 5.3.7 (/opt/ros/jazzy/share/geometry_msgs/cmake)
[0.549s] -- Found nav_msgs: 5.3.7 (/opt/ros/jazzy/share/nav_msgs/cmake)
[0.570s] -- Found rclcpp: 28.1.18 (/opt/ros/jazzy/share/rclcpp/cmake)
[0.600s] -- Found rmw_implementation_cmake: 7.3.3 (/opt/ros/jazzy/share/rmw_implementation_cmake/cmake)
[0.602s] -- Found rmw_fastrtps_cpp: 8.4.3 (/opt/ros/jazzy/share/rmw_fastrtps_cpp/cmake)
[0.900s] -- Using RMW implementation 'rmw_fastrtps_cpp' as default
[1.139s] -- Found tf2: 0.36.20 (/opt/ros/jazzy/share/tf2/cmake)
[1.141s] -- Found tf2_geometry_msgs: 0.36.20 (/opt/ros/jazzy/share/tf2_geometry_msgs/cmake)
[1.145s] -- Found eigen3_cmake_module: 0.3.0 (/opt/ros/jazzy/share/eigen3_cmake_module/cmake)
[1.147s] -- Ensuring Eigen3 include directory is part of orocos-kdl CMake target
[1.278s] -- Found ament_cmake_gtest: 2.5.6 (/opt/ros/jazzy/share/ament_cmake_gtest/cmake)
[1.291s] -- Found gtest sources under '/opt/ros/jazzy/src/gtest_vendor': C++ tests using 'Google Test' will be built
[1.301s] -- Performing Test CMAKE_HAVE_LIBC_PTHREAD
[1.546s] -- Performing Test CMAKE_HAVE_LIBC_PTHREAD - Success
[1.547s] -- Found Threads: TRUE  
[1.645s] -- Configuring done (1.6s)
[1.688s] -- Generating done (0.0s)
[1.703s] -- Build files have been written to: /home/janeikeliu/projects/rosmasterA1/build/rosmaster_a1
[1.757s] [  6%] [32mBuilding CXX object gtest/CMakeFiles/gtest.dir/src/gtest-all.cc.o[0m
[1.761s] [ 12%] [32mBuilding CXX object gtest/CMakeFiles/gtest_main.dir/src/gtest_main.cc.o[0m
[1.763s] [ 25%] Built target path_planner_node
[1.764s] [ 37%] Built target metrics_logger_node
[1.766s] [ 43%] [32mBuilding CXX object CMakeFiles/pure_pursuit_controller_node.dir/src/pure_pursuit_controller_node.cpp.o[0m
[1.767s] [ 50%] [32mBuilding CXX object CMakeFiles/vehicle_simulator_node.dir/src/vehicle_simulator_node.cpp.o[0m
[2.713s] [ 56%] [32m[1mLinking CXX static library libgtest_main.a[0m
[2.756s] [ 56%] Built target gtest_main
[5.615s] [ 62%] [32m[1mLinking CXX static library libgtest.a[0m
[5.677s] [ 62%] Built target gtest
[5.700s] [ 75%] [32mBuilding CXX object CMakeFiles/test_vehicle_kinematics.dir/test/test_vehicle_kinematics.cpp.o[0m
[5.700s] [ 75%] [32mBuilding CXX object CMakeFiles/test_pure_pursuit.dir/test/test_pure_pursuit.cpp.o[0m
[6.628s] [ 81%] [32m[1mLinking CXX executable test_vehicle_kinematics[0m
[6.668s] [ 87%] [32m[1mLinking CXX executable test_pure_pursuit[0m
[6.855s] [ 87%] Built target test_vehicle_kinematics
[6.899s] [ 87%] Built target test_pure_pursuit
[10.857s] [ 93%] [32m[1mLinking CXX executable vehicle_simulator_node[0m
[11.363s] [ 93%] Built target vehicle_simulator_node
[14.109s] [100%] [32m[1mLinking CXX executable pure_pursuit_controller_node[0m
[14.808s] [100%] Built target pure_pursuit_controller_node
[14.820s] Invoked command in '/home/janeikeliu/projects/rosmasterA1/build/rosmaster_a1' returned '0': CMAKE_PREFIX_PATH=${CMAKE_PREFIX_PATH}:/home/janeikeliu/projects/sparky/install/path_planner:/home/janeikeliu/projects/sparky/install/vehicle_description:/home/janeikeliu/projects/sparky/install/metrics_logger:/home/janeikeliu/projects/sparky/install/controller:/opt/ros/jazzy VIRTUAL_ENV_PROMPT=(venv) /usr/bin/cmake --build /home/janeikeliu/projects/rosmasterA1/build/rosmaster_a1 -- -j22 -l22
[14.833s] Invoking command in '/home/janeikeliu/projects/rosmasterA1/build/rosmaster_a1': CMAKE_PREFIX_PATH=${CMAKE_PREFIX_PATH}:/home/janeikeliu/projects/sparky/install/path_planner:/home/janeikeliu/projects/sparky/install/vehicle_description:/home/janeikeliu/projects/sparky/install/metrics_logger:/home/janeikeliu/projects/sparky/install/controller:/opt/ros/jazzy VIRTUAL_ENV_PROMPT=(venv) /usr/bin/cmake --install /home/janeikeliu/projects/rosmasterA1/build/rosmaster_a1
[14.839s] -- Install configuration: ""
[14.839s] -- Up-to-date: /home/janeikeliu/projects/rosmasterA1/install/rosmaster_a1/lib/rosmaster_a1/path_planner_node
[14.839s] -- Installing: /home/janeikeliu/projects/rosmasterA1/install/rosmaster_a1/lib/rosmaster_a1/pure_pursuit_controller_node
[14.852s] -- Set non-toolchain portion of runtime path of "/home/janeikeliu/projects/rosmasterA1/install/rosmaster_a1/lib/rosmaster_a1/pure_pursuit_controller_node" to ""
[14.852s] -- Installing: /home/janeikeliu/projects/rosmasterA1/install/rosmaster_a1/lib/rosmaster_a1/vehicle_simulator_node
[14.857s] -- Set non-toolchain portion of runtime path of "/home/janeikeliu/projects/rosmasterA1/install/rosmaster_a1/lib/rosmaster_a1/vehicle_simulator_node" to ""
[14.857s] -- Up-to-date: /home/janeikeliu/projects/rosmasterA1/install/rosmaster_a1/lib/rosmaster_a1/metrics_logger_node
[14.858s] -- Up-to-date: /home/janeikeliu/projects/rosmasterA1/install/rosmaster_a1/share/rosmaster_a1/config
[14.859s] -- Up-to-date: /home/janeikeliu/projects/rosmasterA1/install/rosmaster_a1/share/rosmaster_a1/config/default_route.yaml
[14.859s] -- Up-to-date: /home/janeikeliu/projects/rosmasterA1/install/rosmaster_a1/share/rosmaster_a1/launch
[14.859s] -- Installing: /home/janeikeliu/projects/rosmasterA1/install/rosmaster_a1/share/rosmaster_a1/launch/simulator.launch.py
[14.859s] -- Up-to-date: /home/janeikeliu/projects/rosmasterA1/install/rosmaster_a1/share/rosmaster_a1/rviz
[14.859s] -- Installing: /home/janeikeliu/projects/rosmasterA1/install/rosmaster_a1/share/rosmaster_a1/rviz/simulator.rviz
[14.860s] -- Up-to-date: /home/janeikeliu/projects/rosmasterA1/install/rosmaster_a1/share/rosmaster_a1/urdf
[14.860s] -- Installing: /home/janeikeliu/projects/rosmasterA1/install/rosmaster_a1/share/rosmaster_a1/urdf/simulator_vehicle.urdf
[14.861s] -- Installing: /home/janeikeliu/projects/rosmasterA1/install/rosmaster_a1/include
[14.861s] -- Installing: /home/janeikeliu/projects/rosmasterA1/install/rosmaster_a1/include/rosmaster_a1
[14.861s] -- Installing: /home/janeikeliu/projects/rosmasterA1/install/rosmaster_a1/include/rosmaster_a1/pure_pursuit.hpp
[14.861s] -- Installing: /home/janeikeliu/projects/rosmasterA1/install/rosmaster_a1/include/rosmaster_a1/vehicle_kinematics.hpp
[14.862s] -- Installing: /home/janeikeliu/projects/rosmasterA1/install/rosmaster_a1/share/ament_index/resource_index/package_run_dependencies/rosmaster_a1
[14.862s] -- Installing: /home/janeikeliu/projects/rosmasterA1/install/rosmaster_a1/share/ament_index/resource_index/parent_prefix_path/rosmaster_a1
[14.862s] -- Up-to-date: /home/janeikeliu/projects/rosmasterA1/install/rosmaster_a1/share/rosmaster_a1/environment/ament_prefix_path.sh
[14.862s] -- Up-to-date: /home/janeikeliu/projects/rosmasterA1/install/rosmaster_a1/share/rosmaster_a1/environment/ament_prefix_path.dsv
[14.863s] -- Up-to-date: /home/janeikeliu/projects/rosmasterA1/install/rosmaster_a1/share/rosmaster_a1/environment/path.sh
[14.863s] -- Up-to-date: /home/janeikeliu/projects/rosmasterA1/install/rosmaster_a1/share/rosmaster_a1/environment/path.dsv
[14.863s] -- Up-to-date: /home/janeikeliu/projects/rosmasterA1/install/rosmaster_a1/share/rosmaster_a1/local_setup.bash
[14.863s] -- Up-to-date: /home/janeikeliu/projects/rosmasterA1/install/rosmaster_a1/share/rosmaster_a1/local_setup.sh
[14.863s] -- Up-to-date: /home/janeikeliu/projects/rosmasterA1/install/rosmaster_a1/share/rosmaster_a1/local_setup.zsh
[14.863s] -- Up-to-date: /home/janeikeliu/projects/rosmasterA1/install/rosmaster_a1/share/rosmaster_a1/local_setup.dsv
[14.864s] -- Installing: /home/janeikeliu/projects/rosmasterA1/install/rosmaster_a1/share/rosmaster_a1/package.dsv
[14.864s] -- Up-to-date: /home/janeikeliu/projects/rosmasterA1/install/rosmaster_a1/share/ament_index/resource_index/packages/rosmaster_a1
[14.864s] -- Up-to-date: /home/janeikeliu/projects/rosmasterA1/install/rosmaster_a1/share/rosmaster_a1/cmake/rosmaster_a1Config.cmake
[14.864s] -- Up-to-date: /home/janeikeliu/projects/rosmasterA1/install/rosmaster_a1/share/rosmaster_a1/cmake/rosmaster_a1Config-version.cmake
[14.866s] -- Installing: /home/janeikeliu/projects/rosmasterA1/install/rosmaster_a1/share/rosmaster_a1/package.xml
[14.867s] Invoked command in '/home/janeikeliu/projects/rosmasterA1/build/rosmaster_a1' returned '0': CMAKE_PREFIX_PATH=${CMAKE_PREFIX_PATH}:/home/janeikeliu/projects/sparky/install/path_planner:/home/janeikeliu/projects/sparky/install/vehicle_description:/home/janeikeliu/projects/sparky/install/metrics_logger:/home/janeikeliu/projects/sparky/install/controller:/opt/ros/jazzy VIRTUAL_ENV_PROMPT=(venv) /usr/bin/cmake --install /home/janeikeliu/projects/rosmasterA1/build/rosmaster_a1
