[0.016s] Invoking command in '/home/janeikeliu/projects/rosmasterA1/build/rosmaster_a1': CMAKE_PREFIX_PATH=${CMAKE_PREFIX_PATH}:/home/janeikeliu/projects/sparky/install/path_planner:/home/janeikeliu/projects/sparky/install/vehicle_description:/home/janeikeliu/projects/sparky/install/metrics_logger:/home/janeikeliu/projects/sparky/install/controller:/opt/ros/jazzy VIRTUAL_ENV_PROMPT=(venv) /usr/bin/cmake --build /home/janeikeliu/projects/rosmasterA1/build/rosmaster_a1 -- -j22 -l22
[0.045s] -- Found ament_cmake: 2.5.6 (/opt/ros/jazzy/share/ament_cmake/cmake)
[0.244s] -- Found ackermann_msgs: 2.0.2 (/opt/ros/jazzy/share/ackermann_msgs/cmake)
[0.456s] -- Found rosidl_generator_c: 4.6.7 (/opt/ros/jazzy/share/rosidl_generator_c/cmake)
[0.466s] -- Found rosidl_generator_cpp: 4.6.7 (/opt/ros/jazzy/share/rosidl_generator_cpp/cmake)
[0.481s] -- Using all available rosidl_typesupport_c: rosidl_typesupport_fastrtps_c;rosidl_typesupport_introspection_c
[0.497s] -- Using all available rosidl_typesupport_cpp: rosidl_typesupport_fastrtps_cpp;rosidl_typesupport_introspection_cpp
[0.541s] -- Found diagnostic_msgs: 5.3.7 (/opt/ros/jazzy/share/diagnostic_msgs/cmake)
[0.570s] -- Found geometry_msgs: 5.3.7 (/opt/ros/jazzy/share/geometry_msgs/cmake)
[0.583s] -- Found nav_msgs: 5.3.7 (/opt/ros/jazzy/share/nav_msgs/cmake)
[0.607s] -- Found rclcpp: 28.1.18 (/opt/ros/jazzy/share/rclcpp/cmake)
[0.645s] -- Found rmw_implementation_cmake: 7.3.3 (/opt/ros/jazzy/share/rmw_implementation_cmake/cmake)
[0.646s] -- Found rmw_fastrtps_cpp: 8.4.3 (/opt/ros/jazzy/share/rmw_fastrtps_cpp/cmake)
[0.940s] -- Using RMW implementation 'rmw_fastrtps_cpp' as default
[1.149s] -- Found tf2: 0.36.20 (/opt/ros/jazzy/share/tf2/cmake)
[1.153s] -- Found tf2_geometry_msgs: 0.36.20 (/opt/ros/jazzy/share/tf2_geometry_msgs/cmake)
[1.159s] -- Found eigen3_cmake_module: 0.3.0 (/opt/ros/jazzy/share/eigen3_cmake_module/cmake)
[1.161s] -- Ensuring Eigen3 include directory is part of orocos-kdl CMake target
[1.460s] -- Configuring done (1.4s)
[1.501s] -- Generating done (0.0s)
[1.512s] -- Build files have been written to: /home/janeikeliu/projects/rosmasterA1/build/rosmaster_a1
[1.566s] [ 25%] Built target path_planner_node
[1.567s] [ 50%] Built target vehicle_simulator_node
[1.567s] [ 75%] Built target metrics_logger_node
[1.568s] [100%] Built target pure_pursuit_controller_node
[1.579s] Invoked command in '/home/janeikeliu/projects/rosmasterA1/build/rosmaster_a1' returned '0': CMAKE_PREFIX_PATH=${CMAKE_PREFIX_PATH}:/home/janeikeliu/projects/sparky/install/path_planner:/home/janeikeliu/projects/sparky/install/vehicle_description:/home/janeikeliu/projects/sparky/install/metrics_logger:/home/janeikeliu/projects/sparky/install/controller:/opt/ros/jazzy VIRTUAL_ENV_PROMPT=(venv) /usr/bin/cmake --build /home/janeikeliu/projects/rosmasterA1/build/rosmaster_a1 -- -j22 -l22
[1.587s] Invoking command in '/home/janeikeliu/projects/rosmasterA1/build/rosmaster_a1': CMAKE_PREFIX_PATH=${CMAKE_PREFIX_PATH}:/home/janeikeliu/projects/sparky/install/path_planner:/home/janeikeliu/projects/sparky/install/vehicle_description:/home/janeikeliu/projects/sparky/install/metrics_logger:/home/janeikeliu/projects/sparky/install/controller:/opt/ros/jazzy VIRTUAL_ENV_PROMPT=(venv) /usr/bin/cmake --install /home/janeikeliu/projects/rosmasterA1/build/rosmaster_a1
[1.593s] -- Install configuration: ""
[1.594s] -- Up-to-date: /home/janeikeliu/projects/rosmasterA1/install/rosmaster_a1/lib/rosmaster_a1/path_planner_node
[1.594s] -- Up-to-date: /home/janeikeliu/projects/rosmasterA1/install/rosmaster_a1/lib/rosmaster_a1/pure_pursuit_controller_node
[1.594s] -- Up-to-date: /home/janeikeliu/projects/rosmasterA1/install/rosmaster_a1/lib/rosmaster_a1/vehicle_simulator_node
[1.594s] -- Up-to-date: /home/janeikeliu/projects/rosmasterA1/install/rosmaster_a1/lib/rosmaster_a1/metrics_logger_node
[1.594s] -- Up-to-date: /home/janeikeliu/projects/rosmasterA1/install/rosmaster_a1/share/rosmaster_a1/config
[1.595s] -- Up-to-date: /home/janeikeliu/projects/rosmasterA1/install/rosmaster_a1/share/rosmaster_a1/config/default_route.yaml
[1.595s] -- Installing: /home/janeikeliu/projects/rosmasterA1/install/rosmaster_a1/share/rosmaster_a1/launch
[1.595s] -- Installing: /home/janeikeliu/projects/rosmasterA1/install/rosmaster_a1/share/rosmaster_a1/launch/simulator.launch.py
[1.595s] -- Installing: /home/janeikeliu/projects/rosmasterA1/install/rosmaster_a1/share/rosmaster_a1/rviz
[1.596s] -- Installing: /home/janeikeliu/projects/rosmasterA1/install/rosmaster_a1/share/rosmaster_a1/rviz/simulator.rviz
[1.596s] -- Installing: /home/janeikeliu/projects/rosmasterA1/install/rosmaster_a1/share/rosmaster_a1/urdf
[1.596s] -- Installing: /home/janeikeliu/projects/rosmasterA1/install/rosmaster_a1/share/rosmaster_a1/urdf/simulator_vehicle.urdf
[1.596s] -- Installing: /home/janeikeliu/projects/rosmasterA1/install/rosmaster_a1/share/ament_index/resource_index/package_run_dependencies/rosmaster_a1
[1.596s] -- Up-to-date: /home/janeikeliu/projects/rosmasterA1/install/rosmaster_a1/share/ament_index/resource_index/parent_prefix_path/rosmaster_a1
[1.596s] -- Up-to-date: /home/janeikeliu/projects/rosmasterA1/install/rosmaster_a1/share/rosmaster_a1/environment/ament_prefix_path.sh
[1.596s] -- Up-to-date: /home/janeikeliu/projects/rosmasterA1/install/rosmaster_a1/share/rosmaster_a1/environment/ament_prefix_path.dsv
[1.596s] -- Up-to-date: /home/janeikeliu/projects/rosmasterA1/install/rosmaster_a1/share/rosmaster_a1/environment/path.sh
[1.597s] -- Up-to-date: /home/janeikeliu/projects/rosmasterA1/install/rosmaster_a1/share/rosmaster_a1/environment/path.dsv
[1.597s] -- Up-to-date: /home/janeikeliu/projects/rosmasterA1/install/rosmaster_a1/share/rosmaster_a1/local_setup.bash
[1.597s] -- Up-to-date: /home/janeikeliu/projects/rosmasterA1/install/rosmaster_a1/share/rosmaster_a1/local_setup.sh
[1.597s] -- Up-to-date: /home/janeikeliu/projects/rosmasterA1/install/rosmaster_a1/share/rosmaster_a1/local_setup.zsh
[1.597s] -- Up-to-date: /home/janeikeliu/projects/rosmasterA1/install/rosmaster_a1/share/rosmaster_a1/local_setup.dsv
[1.597s] -- Installing: /home/janeikeliu/projects/rosmasterA1/install/rosmaster_a1/share/rosmaster_a1/package.dsv
[1.597s] -- Up-to-date: /home/janeikeliu/projects/rosmasterA1/install/rosmaster_a1/share/ament_index/resource_index/packages/rosmaster_a1
[1.597s] -- Up-to-date: /home/janeikeliu/projects/rosmasterA1/install/rosmaster_a1/share/rosmaster_a1/cmake/rosmaster_a1Config.cmake
[1.597s] -- Up-to-date: /home/janeikeliu/projects/rosmasterA1/install/rosmaster_a1/share/rosmaster_a1/cmake/rosmaster_a1Config-version.cmake
[1.597s] -- Installing: /home/janeikeliu/projects/rosmasterA1/install/rosmaster_a1/share/rosmaster_a1/package.xml
[1.600s] Invoked command in '/home/janeikeliu/projects/rosmasterA1/build/rosmaster_a1' returned '0': CMAKE_PREFIX_PATH=${CMAKE_PREFIX_PATH}:/home/janeikeliu/projects/sparky/install/path_planner:/home/janeikeliu/projects/sparky/install/vehicle_description:/home/janeikeliu/projects/sparky/install/metrics_logger:/home/janeikeliu/projects/sparky/install/controller:/opt/ros/jazzy VIRTUAL_ENV_PROMPT=(venv) /usr/bin/cmake --install /home/janeikeliu/projects/rosmasterA1/build/rosmaster_a1
