[01m[K/home/janeikeliu/projects/rosmasterA1/src/pure_pursuit_controller_node.cpp:[m[K In member function ‘[01m[Kstd::optional<geometry_msgs::msg::Point_<std::allocator<void> > > rosmaster_a1::PurePursuitControllerNode::[01;32m[Kfind_lookahead_point[m[K() const[m[K’:
[01m[K/home/janeikeliu/projects/rosmasterA1/src/pure_pursuit_controller_node.cpp:107:48:[m[K [01;31m[Kerror: [m[K‘[01m[Kconst class std::shared_ptr<nav_msgs::msg::Path_<std::allocator<void> > >[m[K’ has no member named ‘[01m[Kposes[m[K’
  107 |     if (!pose_.has_value() || !path_ || path_->[01;31m[Kposes[m[K.empty() || odometry_is_stale()) {
      |                                                [01;31m[K^~~~~[m[K
[01m[K/home/janeikeliu/projects/rosmasterA1/src/pure_pursuit_controller_node.cpp:111:45:[m[K [01;31m[Kerror: [m[K‘[01m[Kconst class std::shared_ptr<nav_msgs::msg::Path_<std::allocator<void> > >[m[K’ has no member named ‘[01m[Kposes[m[K’
  111 |     for (const auto & pose_stamped : path_->[01;31m[Kposes[m[K) {
      |                                             [01;31m[K^~~~~[m[K
[01m[K/home/janeikeliu/projects/rosmasterA1/src/pure_pursuit_controller_node.cpp:[m[K In member function ‘[01m[Kdouble rosmaster_a1::PurePursuitControllerNode::[01;32m[Kcompute_cross_track_error[m[K() const[m[K’:
[01m[K/home/janeikeliu/projects/rosmasterA1/src/pure_pursuit_controller_node.cpp:144:48:[m[K [01;31m[Kerror: [m[K‘[01m[Kconst class std::shared_ptr<nav_msgs::msg::Path_<std::allocator<void> > >[m[K’ has no member named ‘[01m[Kposes[m[K’
  144 |     if (!pose_.has_value() || !path_ || path_->[01;31m[Kposes[m[K.empty()) {
      |                                                [01;31m[K^~~~~[m[K
[01m[K/home/janeikeliu/projects/rosmasterA1/src/pure_pursuit_controller_node.cpp:149:45:[m[K [01;31m[Kerror: [m[K‘[01m[Kconst class std::shared_ptr<nav_msgs::msg::Path_<std::allocator<void> > >[m[K’ has no member named ‘[01m[Kposes[m[K’
  149 |     for (const auto & pose_stamped : path_->[01;31m[Kposes[m[K) {
      |                                             [01;31m[K^~~~~[m[K
[01m[K/home/janeikeliu/projects/rosmasterA1/src/pure_pursuit_controller_node.cpp:[m[K In member function ‘[01m[Kvoid rosmaster_a1::PurePursuitControllerNode::[01;32m[Kpublish_metrics[m[K(const ControlResult&, double, double, double)[m[K’:
[01m[K/home/janeikeliu/projects/rosmasterA1/src/pure_pursuit_controller_node.cpp:197:85:[m[K [01;31m[Kerror: [m[K‘[01m[Kclass std::shared_ptr<nav_msgs::msg::Path_<std::allocator<void> > >[m[K’ has no member named ‘[01m[Kposes[m[K’
  197 |     status.values.push_back(make_key_value("path_pose_count", std::to_string(path_->[01;31m[Kposes[m[K.size())));
      |                                                                                     [01;31m[K^~~~~[m[K
gmake[2]: *** [CMakeFiles/pure_pursuit_controller_node.dir/build.make:76: CMakeFiles/pure_pursuit_controller_node.dir/src/pure_pursuit_controller_node.cpp.o] Error 1
gmake[1]: *** [CMakeFiles/Makefile2:165: CMakeFiles/pure_pursuit_controller_node.dir/all] Error 2
gmake: *** [Makefile:146: all] Error 2
