[0.012s] Invoking command in '/home/janeikeliu/projects/rosmasterA1/build/rosmaster_a1': CMAKE_PREFIX_PATH=${CMAKE_PREFIX_PATH}:/home/janeikeliu/projects/sparky/install/path_planner:/home/janeikeliu/projects/sparky/install/vehicle_description:/home/janeikeliu/projects/sparky/install/metrics_logger:/home/janeikeliu/projects/sparky/install/controller:/opt/ros/jazzy VIRTUAL_ENV_PROMPT=(venv) /usr/bin/cmake --build /home/janeikeliu/projects/rosmasterA1/build/rosmaster_a1 -- -j22 -l22
[0.038s] -- Found ament_cmake: 2.5.6 (/opt/ros/jazzy/share/ament_cmake/cmake)
[0.232s] -- Found ackermann_msgs: 2.0.2 (/opt/ros/jazzy/share/ackermann_msgs/cmake)
[0.395s] -- Found rosidl_generator_c: 4.6.7 (/opt/ros/jazzy/share/rosidl_generator_c/cmake)
[0.403s] -- Found rosidl_generator_cpp: 4.6.7 (/opt/ros/jazzy/share/rosidl_generator_cpp/cmake)
[0.413s] -- Using all available rosidl_typesupport_c: rosidl_typesupport_fastrtps_c;rosidl_typesupport_introspection_c
[0.425s] -- Using all available rosidl_typesupport_cpp: rosidl_typesupport_fastrtps_cpp;rosidl_typesupport_introspection_cpp
[0.476s] -- Found diagnostic_msgs: 5.3.7 (/opt/ros/jazzy/share/diagnostic_msgs/cmake)
[0.504s] -- Found geometry_msgs: 5.3.7 (/opt/ros/jazzy/share/geometry_msgs/cmake)
[0.519s] -- Found nav_msgs: 5.3.7 (/opt/ros/jazzy/share/nav_msgs/cmake)
[0.542s] -- Found rclcpp: 28.1.18 (/opt/ros/jazzy/share/rclcpp/cmake)
[0.575s] -- Found rmw_implementation_cmake: 7.3.3 (/opt/ros/jazzy/share/rmw_implementation_cmake/cmake)
[0.576s] -- Found rmw_fastrtps_cpp: 8.4.3 (/opt/ros/jazzy/share/rmw_fastrtps_cpp/cmake)
[0.872s] -- Using RMW implementation 'rmw_fastrtps_cpp' as default
[1.152s] -- Found tf2: 0.36.20 (/opt/ros/jazzy/share/tf2/cmake)
[1.167s] -- Found tf2_geometry_msgs: 0.36.20 (/opt/ros/jazzy/share/tf2_geometry_msgs/cmake)
[1.257s] -- Found eigen3_cmake_module: 0.3.0 (/opt/ros/jazzy/share/eigen3_cmake_module/cmake)
[1.259s] -- Found Eigen3: TRUE (found version "3.4.0") 
[1.260s] -- Ensuring Eigen3 include directory is part of orocos-kdl CMake target
[1.637s] -- Configuring done (1.6s)
[1.668s] -- Generating done (0.0s)
[1.676s] -- Build files have been written to: /home/janeikeliu/projects/rosmasterA1/build/rosmaster_a1
[1.720s] [ 25%] [32mBuilding CXX object CMakeFiles/pure_pursuit_controller_node.dir/src/pure_pursuit_controller_node.cpp.o[0m
[1.731s] [ 75%] Built target path_planner_node
[4.630s] [01m[K/home/janeikeliu/projects/rosmasterA1/src/pure_pursuit_controller_node.cpp:[m[K In member function ‘[01m[Kstd::optional<geometry_msgs::msg::Point_<std::allocator<void> > > rosmaster_a1::PurePursuitControllerNode::[01;32m[Kfind_lookahead_point[m[K() const[m[K’:
[4.631s] [01m[K/home/janeikeliu/projects/rosmasterA1/src/pure_pursuit_controller_node.cpp:107:48:[m[K [01;31m[Kerror: [m[K‘[01m[Kconst class std::shared_ptr<nav_msgs::msg::Path_<std::allocator<void> > >[m[K’ has no member named ‘[01m[Kposes[m[K’
[4.631s]   107 |     if (!pose_.has_value() || !path_ || path_->[01;31m[Kposes[m[K.empty() || odometry_is_stale()) {
[4.631s]       |                                                [01;31m[K^~~~~[m[K
[4.631s] [01m[K/home/janeikeliu/projects/rosmasterA1/src/pure_pursuit_controller_node.cpp:111:45:[m[K [01;31m[Kerror: [m[K‘[01m[Kconst class std::shared_ptr<nav_msgs::msg::Path_<std::allocator<void> > >[m[K’ has no member named ‘[01m[Kposes[m[K’
[4.631s]   111 |     for (const auto & pose_stamped : path_->[01;31m[Kposes[m[K) {
[4.631s]       |                                             [01;31m[K^~~~~[m[K
[4.632s] [01m[K/home/janeikeliu/projects/rosmasterA1/src/pure_pursuit_controller_node.cpp:[m[K In member function ‘[01m[Kdouble rosmaster_a1::PurePursuitControllerNode::[01;32m[Kcompute_cross_track_error[m[K() const[m[K’:
[4.632s] [01m[K/home/janeikeliu/projects/rosmasterA1/src/pure_pursuit_controller_node.cpp:144:48:[m[K [01;31m[Kerror: [m[K‘[01m[Kconst class std::shared_ptr<nav_msgs::msg::Path_<std::allocator<void> > >[m[K’ has no member named ‘[01m[Kposes[m[K’
[4.632s]   144 |     if (!pose_.has_value() || !path_ || path_->[01;31m[Kposes[m[K.empty()) {
[4.632s]       |                                                [01;31m[K^~~~~[m[K
[4.632s] [01m[K/home/janeikeliu/projects/rosmasterA1/src/pure_pursuit_controller_node.cpp:149:45:[m[K [01;31m[Kerror: [m[K‘[01m[Kconst class std::shared_ptr<nav_msgs::msg::Path_<std::allocator<void> > >[m[K’ has no member named ‘[01m[Kposes[m[K’
[4.632s]   149 |     for (const auto & pose_stamped : path_->[01;31m[Kposes[m[K) {
[4.632s]       |                                             [01;31m[K^~~~~[m[K
[4.633s] [01m[K/home/janeikeliu/projects/rosmasterA1/src/pure_pursuit_controller_node.cpp:[m[K In member function ‘[01m[Kvoid rosmaster_a1::PurePursuitControllerNode::[01;32m[Kpublish_metrics[m[K(const ControlResult&, double, double, double)[m[K’:
[4.633s] [01m[K/home/janeikeliu/projects/rosmasterA1/src/pure_pursuit_controller_node.cpp:197:85:[m[K [01;31m[Kerror: [m[K‘[01m[Kclass std::shared_ptr<nav_msgs::msg::Path_<std::allocator<void> > >[m[K’ has no member named ‘[01m[Kposes[m[K’
[4.633s]   197 |     status.values.push_back(make_key_value("path_pose_count", std::to_string(path_->[01;31m[Kposes[m[K.size())));
[4.633s]       |                                                                                     [01;31m[K^~~~~[m[K
[8.547s] gmake[2]: *** [CMakeFiles/pure_pursuit_controller_node.dir/build.make:76: CMakeFiles/pure_pursuit_controller_node.dir/src/pure_pursuit_controller_node.cpp.o] Error 1
[8.548s] gmake[1]: *** [CMakeFiles/Makefile2:165: CMakeFiles/pure_pursuit_controller_node.dir/all] Error 2
[8.549s] gmake: *** [Makefile:146: all] Error 2
[8.554s] Invoked command in '/home/janeikeliu/projects/rosmasterA1/build/rosmaster_a1' returned '2': CMAKE_PREFIX_PATH=${CMAKE_PREFIX_PATH}:/home/janeikeliu/projects/sparky/install/path_planner:/home/janeikeliu/projects/sparky/install/vehicle_description:/home/janeikeliu/projects/sparky/install/metrics_logger:/home/janeikeliu/projects/sparky/install/controller:/opt/ros/jazzy VIRTUAL_ENV_PROMPT=(venv) /usr/bin/cmake --build /home/janeikeliu/projects/rosmasterA1/build/rosmaster_a1 -- -j22 -l22
