[0.257s] DEBUG:colcon:Command line arguments: ['/usr/bin/colcon', 'build', '--packages-select', 'rosmaster_a1', '--event-handlers', 'console_direct+']
[0.257s] DEBUG:colcon:Parsed command line arguments: Namespace(log_base=None, log_level=None, verb_name='build', build_base='build', install_base='install', merge_install=False, symlink_install=False, test_result_base=None, continue_on_error=False, executor='parallel', parallel_workers=22, event_handlers=['console_direct+'], ignore_user_meta=False, metas=['./colcon.meta'], base_paths=['.'], packages_ignore=None, packages_ignore_regex=None, paths=None, packages_up_to=None, packages_up_to_regex=None, packages_above=None, packages_above_and_dependencies=None, packages_above_depth=None, packages_select_by_dep=None, packages_skip_by_dep=None, packages_skip_up_to=None, packages_select_build_failed=False, packages_skip_build_finished=False, packages_select_test_failures=False, packages_skip_test_passed=False, packages_select=['rosmaster_a1'], packages_skip=None, packages_select_regex=None, packages_skip_regex=None, packages_start=None, packages_end=None, allow_overriding=[], cmake_args=None, cmake_target=None, cmake_target_skip_unavailable=False, cmake_clean_cache=False, cmake_clean_first=False, cmake_force_configure=False, ament_cmake_args=None, catkin_cmake_args=None, catkin_skip_building_tests=False, mixin_files=None, mixin=None, verb_parser=<colcon_mixin.mixin.mixin_argument.MixinArgumentDecorator object at 0x717809e8e510>, verb_extension=<colcon_core.verb.build.BuildVerb object at 0x71780aa8a3f0>, main=<bound method BuildVerb.main of <colcon_core.verb.build.BuildVerb object at 0x71780aa8a3f0>>, mixin_verb=('build',))
[0.299s] Level 1:colcon.colcon_core.package_discovery:discover_packages(colcon_meta) check parameters
[0.299s] Level 1:colcon.colcon_core.package_discovery:discover_packages(recursive) check parameters
[0.299s] Level 1:colcon.colcon_core.package_discovery:discover_packages(ignore) check parameters
[0.299s] Level 1:colcon.colcon_core.package_discovery:discover_packages(path) check parameters
[0.299s] Level 1:colcon.colcon_core.package_discovery:discover_packages(colcon_meta) discover
[0.299s] Level 1:colcon.colcon_core.package_discovery:discover_packages(recursive) discover
[0.299s] INFO:colcon.colcon_core.package_discovery:Crawling recursively for packages in '/home/janeikeliu/projects/rosmasterA1'
[0.300s] Level 1:colcon.colcon_core.package_identification:_identify(.) by extensions ['ignore', 'ignore_ament_install']
[0.300s] Level 1:colcon.colcon_core.package_identification:_identify(.) by extension 'ignore'
[0.300s] Level 1:colcon.colcon_core.package_identification:_identify(.) by extension 'ignore_ament_install'
[0.300s] Level 1:colcon.colcon_core.package_identification:_identify(.) by extensions ['colcon_pkg']
[0.300s] Level 1:colcon.colcon_core.package_identification:_identify(.) by extension 'colcon_pkg'
[0.300s] Level 1:colcon.colcon_core.package_identification:_identify(.) by extensions ['colcon_meta']
[0.300s] Level 1:colcon.colcon_core.package_identification:_identify(.) by extension 'colcon_meta'
[0.300s] Level 1:colcon.colcon_core.package_identification:_identify(.) by extensions ['ros']
[0.300s] Level 1:colcon.colcon_core.package_identification:_identify(.) by extension 'ros'
[0.332s] DEBUG:colcon.colcon_core.package_identification:Package '.' with type 'ros.ament_cmake' and name 'rosmaster_a1'
[0.332s] Level 1:colcon.colcon_core.package_discovery:discover_packages(recursive) using defaults
[0.332s] Level 1:colcon.colcon_core.package_discovery:discover_packages(ignore) discover
[0.332s] Level 1:colcon.colcon_core.package_discovery:discover_packages(ignore) using defaults
[0.332s] Level 1:colcon.colcon_core.package_discovery:discover_packages(path) discover
[0.332s] Level 1:colcon.colcon_core.package_discovery:discover_packages(path) using defaults
[0.352s] Level 1:colcon.colcon_core.package_discovery:discover_packages(prefix_path) check parameters
[0.352s] Level 1:colcon.colcon_core.package_discovery:discover_packages(prefix_path) discover
[0.353s] DEBUG:colcon.colcon_installed_package_information.package_discovery:Found 1 installed packages in /home/janeikeliu/projects/rosmasterA1/install
[0.354s] DEBUG:colcon.colcon_installed_package_information.package_discovery:Found 6 installed packages in /home/janeikeliu/projects/sparky/install
[0.355s] DEBUG:colcon.colcon_installed_package_information.package_discovery:Found 290 installed packages in /opt/ros/jazzy
[0.357s] Level 1:colcon.colcon_core.package_discovery:discover_packages(prefix_path) using defaults
[0.406s] Level 5:colcon.colcon_core.verb:set package 'rosmaster_a1' build argument 'cmake_args' from command line to 'None'
[0.406s] Level 5:colcon.colcon_core.verb:set package 'rosmaster_a1' build argument 'cmake_target' from command line to 'None'
[0.406s] Level 5:colcon.colcon_core.verb:set package 'rosmaster_a1' build argument 'cmake_target_skip_unavailable' from command line to 'False'
[0.406s] Level 5:colcon.colcon_core.verb:set package 'rosmaster_a1' build argument 'cmake_clean_cache' from command line to 'False'
[0.406s] Level 5:colcon.colcon_core.verb:set package 'rosmaster_a1' build argument 'cmake_clean_first' from command line to 'False'
[0.406s] Level 5:colcon.colcon_core.verb:set package 'rosmaster_a1' build argument 'cmake_force_configure' from command line to 'False'
[0.406s] Level 5:colcon.colcon_core.verb:set package 'rosmaster_a1' build argument 'ament_cmake_args' from command line to 'None'
[0.406s] Level 5:colcon.colcon_core.verb:set package 'rosmaster_a1' build argument 'catkin_cmake_args' from command line to 'None'
[0.406s] Level 5:colcon.colcon_core.verb:set package 'rosmaster_a1' build argument 'catkin_skip_building_tests' from command line to 'False'
[0.406s] DEBUG:colcon.colcon_core.verb:Building package 'rosmaster_a1' with the following arguments: {'ament_cmake_args': None, 'build_base': '/home/janeikeliu/projects/rosmasterA1/build/rosmaster_a1', 'catkin_cmake_args': None, 'catkin_skip_building_tests': False, 'cmake_args': None, 'cmake_clean_cache': False, 'cmake_clean_first': False, 'cmake_force_configure': False, 'cmake_target': None, 'cmake_target_skip_unavailable': False, 'install_base': '/home/janeikeliu/projects/rosmasterA1/install/rosmaster_a1', 'merge_install': False, 'path': '/home/janeikeliu/projects/rosmasterA1', 'symlink_install': False, 'test_result_base': None}
[0.406s] INFO:colcon.colcon_core.executor:Executing jobs using 'parallel' executor
[0.408s] DEBUG:colcon.colcon_parallel_executor.executor.parallel:run_until_complete
[0.410s] INFO:colcon.colcon_ros.task.ament_cmake.build:Building ROS package in '/home/janeikeliu/projects/rosmasterA1' with build type 'ament_cmake'
[0.410s] INFO:colcon.colcon_cmake.task.cmake.build:Building CMake package in '/home/janeikeliu/projects/rosmasterA1'
[0.413s] INFO:colcon.colcon_core.plugin_system:Skipping extension 'colcon_core.shell.bat': Not used on non-Windows systems
[0.413s] INFO:colcon.colcon_core.shell:Skip shell extension 'powershell' for command environment: Not usable outside of PowerShell
[0.413s] DEBUG:colcon.colcon_core.shell:Skip shell extension 'dsv' for command environment
[0.431s] DEBUG:colcon.colcon_core.event_handler.log_command:Invoking command in '/home/janeikeliu/projects/rosmasterA1/build/rosmaster_a1': CMAKE_PREFIX_PATH=${CMAKE_PREFIX_PATH}:/home/janeikeliu/projects/sparky/install/path_planner:/home/janeikeliu/projects/sparky/install/vehicle_description:/home/janeikeliu/projects/sparky/install/metrics_logger:/home/janeikeliu/projects/sparky/install/controller:/opt/ros/jazzy VIRTUAL_ENV_PROMPT=(venv) /usr/bin/cmake --build /home/janeikeliu/projects/rosmasterA1/build/rosmaster_a1 -- -j22 -l22
[13.935s] DEBUG:colcon.colcon_core.event_handler.log_command:Invoked command in '/home/janeikeliu/projects/rosmasterA1/build/rosmaster_a1' returned '0': CMAKE_PREFIX_PATH=${CMAKE_PREFIX_PATH}:/home/janeikeliu/projects/sparky/install/path_planner:/home/janeikeliu/projects/sparky/install/vehicle_description:/home/janeikeliu/projects/sparky/install/metrics_logger:/home/janeikeliu/projects/sparky/install/controller:/opt/ros/jazzy VIRTUAL_ENV_PROMPT=(venv) /usr/bin/cmake --build /home/janeikeliu/projects/rosmasterA1/build/rosmaster_a1 -- -j22 -l22
[13.952s] DEBUG:colcon.colcon_core.event_handler.log_command:Invoking command in '/home/janeikeliu/projects/rosmasterA1/build/rosmaster_a1': CMAKE_PREFIX_PATH=${CMAKE_PREFIX_PATH}:/home/janeikeliu/projects/sparky/install/path_planner:/home/janeikeliu/projects/sparky/install/vehicle_description:/home/janeikeliu/projects/sparky/install/metrics_logger:/home/janeikeliu/projects/sparky/install/controller:/opt/ros/jazzy VIRTUAL_ENV_PROMPT=(venv) /usr/bin/cmake --install /home/janeikeliu/projects/rosmasterA1/build/rosmaster_a1
[13.992s] Level 1:colcon.colcon_core.environment:create_environment_scripts_only(rosmaster_a1)
[13.995s] DEBUG:colcon.colcon_core.event_handler.log_command:Invoked command in '/home/janeikeliu/projects/rosmasterA1/build/rosmaster_a1' returned '0': CMAKE_PREFIX_PATH=${CMAKE_PREFIX_PATH}:/home/janeikeliu/projects/sparky/install/path_planner:/home/janeikeliu/projects/sparky/install/vehicle_description:/home/janeikeliu/projects/sparky/install/metrics_logger:/home/janeikeliu/projects/sparky/install/controller:/opt/ros/jazzy VIRTUAL_ENV_PROMPT=(venv) /usr/bin/cmake --install /home/janeikeliu/projects/rosmasterA1/build/rosmaster_a1
[13.998s] Level 1:colcon.colcon_core.environment:checking '/home/janeikeliu/projects/rosmasterA1/install/rosmaster_a1' for CMake module files
[13.998s] Level 1:colcon.colcon_core.environment:checking '/home/janeikeliu/projects/rosmasterA1/install/rosmaster_a1' for CMake config files
[13.999s] Level 1:colcon.colcon_core.shell:create_environment_hook('rosmaster_a1', 'cmake_prefix_path')
[13.999s] INFO:colcon.colcon_core.shell:Creating environment hook '/home/janeikeliu/projects/rosmasterA1/install/rosmaster_a1/share/rosmaster_a1/hook/cmake_prefix_path.ps1'
[14.000s] INFO:colcon.colcon_core.shell:Creating environment descriptor '/home/janeikeliu/projects/rosmasterA1/install/rosmaster_a1/share/rosmaster_a1/hook/cmake_prefix_path.dsv'
[14.001s] INFO:colcon.colcon_core.shell:Creating environment hook '/home/janeikeliu/projects/rosmasterA1/install/rosmaster_a1/share/rosmaster_a1/hook/cmake_prefix_path.sh'
[14.002s] Level 1:colcon.colcon_core.environment:checking '/home/janeikeliu/projects/rosmasterA1/install/rosmaster_a1/lib'
[14.003s] Level 1:colcon.colcon_core.environment:checking '/home/janeikeliu/projects/rosmasterA1/install/rosmaster_a1/bin'
[14.003s] Level 1:colcon.colcon_core.environment:checking '/home/janeikeliu/projects/rosmasterA1/install/rosmaster_a1/lib/pkgconfig/rosmaster_a1.pc'
[14.003s] Level 1:colcon.colcon_core.environment:checking '/home/janeikeliu/projects/rosmasterA1/install/rosmaster_a1/lib/python3.12/site-packages'
[14.003s] Level 1:colcon.colcon_core.environment:checking '/home/janeikeliu/projects/rosmasterA1/install/rosmaster_a1/bin'
[14.004s] INFO:colcon.colcon_core.shell:Creating package script '/home/janeikeliu/projects/rosmasterA1/install/rosmaster_a1/share/rosmaster_a1/package.ps1'
[14.006s] INFO:colcon.colcon_core.shell:Creating package descriptor '/home/janeikeliu/projects/rosmasterA1/install/rosmaster_a1/share/rosmaster_a1/package.dsv'
[14.007s] INFO:colcon.colcon_core.shell:Creating package script '/home/janeikeliu/projects/rosmasterA1/install/rosmaster_a1/share/rosmaster_a1/package.sh'
[14.008s] INFO:colcon.colcon_core.shell:Creating package script '/home/janeikeliu/projects/rosmasterA1/install/rosmaster_a1/share/rosmaster_a1/package.bash'
[14.009s] INFO:colcon.colcon_core.shell:Creating package script '/home/janeikeliu/projects/rosmasterA1/install/rosmaster_a1/share/rosmaster_a1/package.zsh'
[14.010s] Level 1:colcon.colcon_core.environment:create_file_with_runtime_dependencies(/home/janeikeliu/projects/rosmasterA1/install/rosmaster_a1/share/colcon-core/packages/rosmaster_a1)
[14.010s] Level 1:colcon.colcon_core.environment:create_environment_scripts_only(rosmaster_a1)
[14.011s] Level 1:colcon.colcon_core.environment:checking '/home/janeikeliu/projects/rosmasterA1/install/rosmaster_a1' for CMake module files
[14.011s] Level 1:colcon.colcon_core.environment:checking '/home/janeikeliu/projects/rosmasterA1/install/rosmaster_a1' for CMake config files
[14.011s] Level 1:colcon.colcon_core.shell:create_environment_hook('rosmaster_a1', 'cmake_prefix_path')
[14.012s] INFO:colcon.colcon_core.shell:Creating environment hook '/home/janeikeliu/projects/rosmasterA1/install/rosmaster_a1/share/rosmaster_a1/hook/cmake_prefix_path.ps1'
[14.012s] INFO:colcon.colcon_core.shell:Creating environment descriptor '/home/janeikeliu/projects/rosmasterA1/install/rosmaster_a1/share/rosmaster_a1/hook/cmake_prefix_path.dsv'
[14.012s] INFO:colcon.colcon_core.shell:Creating environment hook '/home/janeikeliu/projects/rosmasterA1/install/rosmaster_a1/share/rosmaster_a1/hook/cmake_prefix_path.sh'
[14.013s] Level 1:colcon.colcon_core.environment:checking '/home/janeikeliu/projects/rosmasterA1/install/rosmaster_a1/lib'
[14.013s] Level 1:colcon.colcon_core.environment:checking '/home/janeikeliu/projects/rosmasterA1/install/rosmaster_a1/bin'
[14.013s] Level 1:colcon.colcon_core.environment:checking '/home/janeikeliu/projects/rosmasterA1/install/rosmaster_a1/lib/pkgconfig/rosmaster_a1.pc'
[14.014s] Level 1:colcon.colcon_core.environment:checking '/home/janeikeliu/projects/rosmasterA1/install/rosmaster_a1/lib/python3.12/site-packages'
[14.014s] Level 1:colcon.colcon_core.environment:checking '/home/janeikeliu/projects/rosmasterA1/install/rosmaster_a1/bin'
[14.014s] INFO:colcon.colcon_core.shell:Creating package script '/home/janeikeliu/projects/rosmasterA1/install/rosmaster_a1/share/rosmaster_a1/package.ps1'
[14.015s] INFO:colcon.colcon_core.shell:Creating package descriptor '/home/janeikeliu/projects/rosmasterA1/install/rosmaster_a1/share/rosmaster_a1/package.dsv'
[14.016s] INFO:colcon.colcon_core.shell:Creating package script '/home/janeikeliu/projects/rosmasterA1/install/rosmaster_a1/share/rosmaster_a1/package.sh'
[14.017s] INFO:colcon.colcon_core.shell:Creating package script '/home/janeikeliu/projects/rosmasterA1/install/rosmaster_a1/share/rosmaster_a1/package.bash'
[14.017s] INFO:colcon.colcon_core.shell:Creating package script '/home/janeikeliu/projects/rosmasterA1/install/rosmaster_a1/share/rosmaster_a1/package.zsh'
[14.018s] Level 1:colcon.colcon_core.environment:create_file_with_runtime_dependencies(/home/janeikeliu/projects/rosmasterA1/install/rosmaster_a1/share/colcon-core/packages/rosmaster_a1)
[14.018s] DEBUG:colcon.colcon_parallel_executor.executor.parallel:closing loop
[14.019s] DEBUG:colcon.colcon_parallel_executor.executor.parallel:loop closed
[14.019s] DEBUG:colcon.colcon_parallel_executor.executor.parallel:run_until_complete finished with '0'
[14.020s] DEBUG:colcon.colcon_core.event_reactor:joining thread
[14.026s] INFO:colcon.colcon_core.plugin_system:Skipping extension 'colcon_notification.desktop_notification.terminal_notifier': Not used on non-Darwin systems
[14.026s] INFO:colcon.colcon_core.plugin_system:Skipping extension 'colcon_notification.desktop_notification.win32': Not used on non-Windows systems
[14.026s] INFO:colcon.colcon_notification.desktop_notification:Sending desktop notification using 'notify2'
[14.027s] DEBUG:colcon.colcon_notification.desktop_notification.notify2:Failed to initialize notify2: org.freedesktop.DBus.Error.ServiceUnknown: The name org.freedesktop.Notifications was not provided by any .service files
[14.028s] DEBUG:colcon.colcon_core.event_reactor:joined thread
[14.028s] INFO:colcon.colcon_core.shell:Creating prefix script '/home/janeikeliu/projects/rosmasterA1/install/local_setup.ps1'
[14.029s] INFO:colcon.colcon_core.shell:Creating prefix util module '/home/janeikeliu/projects/rosmasterA1/install/_local_setup_util_ps1.py'
[14.030s] INFO:colcon.colcon_core.shell:Creating prefix chain script '/home/janeikeliu/projects/rosmasterA1/install/setup.ps1'
[14.031s] INFO:colcon.colcon_core.shell:Creating prefix script '/home/janeikeliu/projects/rosmasterA1/install/local_setup.sh'
[14.032s] INFO:colcon.colcon_core.shell:Creating prefix util module '/home/janeikeliu/projects/rosmasterA1/install/_local_setup_util_sh.py'
[14.033s] INFO:colcon.colcon_core.shell:Creating prefix chain script '/home/janeikeliu/projects/rosmasterA1/install/setup.sh'
[14.034s] INFO:colcon.colcon_core.shell:Creating prefix script '/home/janeikeliu/projects/rosmasterA1/install/local_setup.bash'
[14.034s] INFO:colcon.colcon_core.shell:Creating prefix chain script '/home/janeikeliu/projects/rosmasterA1/install/setup.bash'
[14.035s] INFO:colcon.colcon_core.shell:Creating prefix script '/home/janeikeliu/projects/rosmasterA1/install/local_setup.zsh'
[14.035s] INFO:colcon.colcon_core.shell:Creating prefix chain script '/home/janeikeliu/projects/rosmasterA1/install/setup.zsh'
