[0.015s] Invoking command in '/home/janeikeliu/projects/rosmasterA1/build/rosmaster_a1': CMAKE_PREFIX_PATH=${CMAKE_PREFIX_PATH}:/home/janeikeliu/projects/sparky/install/path_planner:/home/janeikeliu/projects/sparky/install/vehicle_description:/home/janeikeliu/projects/sparky/install/metrics_logger:/home/janeikeliu/projects/sparky/install/controller:/opt/ros/jazzy VIRTUAL_ENV_PROMPT=(venv) /usr/bin/cmake --build /home/janeikeliu/projects/rosmasterA1/build/rosmaster_a1 -- -j22 -l22
[0.078s] [ 12%] Built target path_planner_node
[0.081s] [ 25%] Built target metrics_logger_node
[0.084s] [ 50%] Built target gtest
[0.084s] [ 50%] Built target gtest_main
[0.092s] [ 56%] [32mBuilding CXX object CMakeFiles/vehicle_simulator_node.dir/src/vehicle_simulator_node.cpp.o[0m
[0.103s] [ 68%] Built target pure_pursuit_controller_node
[0.114s] [ 75%] [32mBuilding CXX object CMakeFiles/test_vehicle_kinematics.dir/test/test_vehicle_kinematics.cpp.o[0m
[0.116s] [ 81%] [32mBuilding CXX object CMakeFiles/test_pure_pursuit.dir/test/test_pure_pursuit.cpp.o[0m
[1.041s] [ 87%] [32m[1mLinking CXX executable test_vehicle_kinematics[0m
[1.075s] [ 93%] [32m[1mLinking CXX executable test_pure_pursuit[0m
[1.247s] [ 93%] Built target test_vehicle_kinematics
[1.276s] [ 93%] Built target test_pure_pursuit
[10.087s] [100%] [32m[1mLinking CXX executable vehicle_simulator_node[0m
[10.630s] [100%] Built target vehicle_simulator_node
[10.643s] Invoked command in '/home/janeikeliu/projects/rosmasterA1/build/rosmaster_a1' returned '0': CMAKE_PREFIX_PATH=${CMAKE_PREFIX_PATH}:/home/janeikeliu/projects/sparky/install/path_planner:/home/janeikeliu/projects/sparky/install/vehicle_description:/home/janeikeliu/projects/sparky/install/metrics_logger:/home/janeikeliu/projects/sparky/install/controller:/opt/ros/jazzy VIRTUAL_ENV_PROMPT=(venv) /usr/bin/cmake --build /home/janeikeliu/projects/rosmasterA1/build/rosmaster_a1 -- -j22 -l22
[10.656s] Invoking command in '/home/janeikeliu/projects/rosmasterA1/build/rosmaster_a1': CMAKE_PREFIX_PATH=${CMAKE_PREFIX_PATH}:/home/janeikeliu/projects/sparky/install/path_planner:/home/janeikeliu/projects/sparky/install/vehicle_description:/home/janeikeliu/projects/sparky/install/metrics_logger:/home/janeikeliu/projects/sparky/install/controller:/opt/ros/jazzy VIRTUAL_ENV_PROMPT=(venv) /usr/bin/cmake --install /home/janeikeliu/projects/rosmasterA1/build/rosmaster_a1
[10.664s] -- Install configuration: ""
[10.664s] -- Up-to-date: /home/janeikeliu/projects/rosmasterA1/install/rosmaster_a1/lib/rosmaster_a1/path_planner_node
[10.664s] -- Up-to-date: /home/janeikeliu/projects/rosmasterA1/install/rosmaster_a1/lib/rosmaster_a1/pure_pursuit_controller_node
[10.664s] -- Installing: /home/janeikeliu/projects/rosmasterA1/install/rosmaster_a1/lib/rosmaster_a1/vehicle_simulator_node
[10.669s] -- Set non-toolchain portion of runtime path of "/home/janeikeliu/projects/rosmasterA1/install/rosmaster_a1/lib/rosmaster_a1/vehicle_simulator_node" to ""
[10.669s] -- Up-to-date: /home/janeikeliu/projects/rosmasterA1/install/rosmaster_a1/lib/rosmaster_a1/metrics_logger_node
[10.670s] -- Up-to-date: /home/janeikeliu/projects/rosmasterA1/install/rosmaster_a1/share/rosmaster_a1/config
[10.670s] -- Up-to-date: /home/janeikeliu/projects/rosmasterA1/install/rosmaster_a1/share/rosmaster_a1/config/default_route.yaml
[10.670s] -- Up-to-date: /home/janeikeliu/projects/rosmasterA1/install/rosmaster_a1/share/rosmaster_a1/launch
[10.670s] -- Up-to-date: /home/janeikeliu/projects/rosmasterA1/install/rosmaster_a1/share/rosmaster_a1/launch/simulator.launch.py
[10.670s] -- Up-to-date: /home/janeikeliu/projects/rosmasterA1/install/rosmaster_a1/share/rosmaster_a1/rviz
[10.671s] -- Up-to-date: /home/janeikeliu/projects/rosmasterA1/install/rosmaster_a1/share/rosmaster_a1/rviz/simulator.rviz
[10.671s] -- Up-to-date: /home/janeikeliu/projects/rosmasterA1/install/rosmaster_a1/share/rosmaster_a1/urdf
[10.671s] -- Up-to-date: /home/janeikeliu/projects/rosmasterA1/install/rosmaster_a1/share/rosmaster_a1/urdf/simulator_vehicle.urdf
[10.671s] -- Up-to-date: /home/janeikeliu/projects/rosmasterA1/install/rosmaster_a1/include
[10.671s] -- Up-to-date: /home/janeikeliu/projects/rosmasterA1/install/rosmaster_a1/include/rosmaster_a1
[10.671s] -- Up-to-date: /home/janeikeliu/projects/rosmasterA1/install/rosmaster_a1/include/rosmaster_a1/pure_pursuit.hpp
[10.671s] -- Up-to-date: /home/janeikeliu/projects/rosmasterA1/install/rosmaster_a1/include/rosmaster_a1/vehicle_kinematics.hpp
[10.671s] -- Up-to-date: /home/janeikeliu/projects/rosmasterA1/install/rosmaster_a1/share/ament_index/resource_index/package_run_dependencies/rosmaster_a1
[10.673s] -- Up-to-date: /home/janeikeliu/projects/rosmasterA1/install/rosmaster_a1/share/ament_index/resource_index/parent_prefix_path/rosmaster_a1
[10.673s] -- Up-to-date: /home/janeikeliu/projects/rosmasterA1/install/rosmaster_a1/share/rosmaster_a1/environment/ament_prefix_path.sh
[10.673s] -- Up-to-date: /home/janeikeliu/projects/rosmasterA1/install/rosmaster_a1/share/rosmaster_a1/environment/ament_prefix_path.dsv
[10.674s] -- Up-to-date: /home/janeikeliu/projects/rosmasterA1/install/rosmaster_a1/share/rosmaster_a1/environment/path.sh
[10.674s] -- Up-to-date: /home/janeikeliu/projects/rosmasterA1/install/rosmaster_a1/share/rosmaster_a1/environment/path.dsv
[10.674s] -- Up-to-date: /home/janeikeliu/projects/rosmasterA1/install/rosmaster_a1/share/rosmaster_a1/local_setup.bash
[10.674s] -- Up-to-date: /home/janeikeliu/projects/rosmasterA1/install/rosmaster_a1/share/rosmaster_a1/local_setup.sh
[10.674s] -- Up-to-date: /home/janeikeliu/projects/rosmasterA1/install/rosmaster_a1/share/rosmaster_a1/local_setup.zsh
[10.674s] -- Up-to-date: /home/janeikeliu/projects/rosmasterA1/install/rosmaster_a1/share/rosmaster_a1/local_setup.dsv
[10.674s] -- Installing: /home/janeikeliu/projects/rosmasterA1/install/rosmaster_a1/share/rosmaster_a1/package.dsv
[10.674s] -- Up-to-date: /home/janeikeliu/projects/rosmasterA1/install/rosmaster_a1/share/ament_index/resource_index/packages/rosmaster_a1
[10.674s] -- Up-to-date: /home/janeikeliu/projects/rosmasterA1/install/rosmaster_a1/share/rosmaster_a1/cmake/rosmaster_a1Config.cmake
[10.674s] -- Up-to-date: /home/janeikeliu/projects/rosmasterA1/install/rosmaster_a1/share/rosmaster_a1/cmake/rosmaster_a1Config-version.cmake
[10.674s] -- Up-to-date: /home/janeikeliu/projects/rosmasterA1/install/rosmaster_a1/share/rosmaster_a1/package.xml
[10.678s] Invoked command in '/home/janeikeliu/projects/rosmasterA1/build/rosmaster_a1' returned '0': CMAKE_PREFIX_PATH=${CMAKE_PREFIX_PATH}:/home/janeikeliu/projects/sparky/install/path_planner:/home/janeikeliu/projects/sparky/install/vehicle_description:/home/janeikeliu/projects/sparky/install/metrics_logger:/home/janeikeliu/projects/sparky/install/controller:/opt/ros/jazzy VIRTUAL_ENV_PROMPT=(venv) /usr/bin/cmake --install /home/janeikeliu/projects/rosmasterA1/build/rosmaster_a1
